Job Start
Fri Jul 17 02:21:33 PM EDT 2026
c0606a-s18.ufhpc
/home/khek.do/TTC-Prediction
---
Requirement already satisfied: pip in ./.venv/lib/python3.11/site-packages (23.1.2)
Collecting pip
  Using cached pip-26.1.2-py3-none-any.whl (1.8 MB)
Installing collected packages: pip
  Attempting uninstall: pip
    Found existing installation: pip 23.1.2
    Uninstalling pip-23.1.2:
      Successfully uninstalled pip-23.1.2
Successfully installed pip-26.1.2
Collecting numpy<2
  Using cached numpy-1.26.4-cp311-cp311-manylinux_2_17_x86_64.manylinux2014_x86_64.whl.metadata (61 kB)
Collecting pandas
  Using cached pandas-3.0.3-cp311-cp311-manylinux_2_24_x86_64.manylinux_2_28_x86_64.whl.metadata (79 kB)
Collecting numexpr
  Downloading numexpr-2.14.1-cp311-cp311-manylinux_2_27_x86_64.manylinux_2_28_x86_64.whl.metadata (9.0 kB)
Collecting torch
  Downloading torch-2.13.0-cp311-cp311-manylinux_2_28_x86_64.whl.metadata (38 kB)
Collecting torchvision
  Downloading torchvision-0.28.0-cp311-cp311-manylinux_2_28_x86_64.whl.metadata (5.6 kB)
Collecting matplotlib
  Downloading matplotlib-3.11.0-cp311-cp311-manylinux2014_x86_64.manylinux_2_17_x86_64.whl.metadata (80 kB)
Collecting python-dateutil>=2.8.2 (from pandas)
  Using cached python_dateutil-2.9.0.post0-py2.py3-none-any.whl.metadata (8.4 kB)
Collecting filelock (from torch)
  Downloading filelock-3.30.3-py3-none-any.whl.metadata (2.0 kB)
Collecting typing-extensions>=4.10.0 (from torch)
  Downloading typing_extensions-4.16.0-py3-none-any.whl.metadata (3.3 kB)
Collecting setuptools>=77.0.3 (from torch)
  Downloading setuptools-83.0.0-py3-none-any.whl.metadata (6.6 kB)
Collecting sympy>=1.13.3 (from torch)
  Using cached sympy-1.14.0-py3-none-any.whl.metadata (12 kB)
Collecting networkx>=2.5.1 (from torch)
  Using cached networkx-3.6.1-py3-none-any.whl.metadata (6.8 kB)
Collecting jinja2 (from torch)
  Using cached jinja2-3.1.6-py3-none-any.whl.metadata (2.9 kB)
Collecting fsspec>=0.8.5 (from torch)
  Downloading fsspec-2026.6.0-py3-none-any.whl.metadata (10 kB)
Collecting cuda-toolkit==13.0.3 (from cuda-toolkit[cublas,cudart,cufft,cufile,cupti,curand,cusolver,cusparse,nvjitlink,nvrtc,nvtx]==13.0.3; platform_system == "Linux"->torch)
  Downloading cuda_toolkit-13.0.3.0-py2.py3-none-any.whl.metadata (17 kB)
Collecting cuda-bindings<14,>=13.0.3 (from torch)
  Using cached cuda_bindings-13.3.1-cp311-cp311-manylinux_2_24_x86_64.manylinux_2_28_x86_64.whl.metadata (2.5 kB)
Collecting nvidia-cudnn-cu13==9.20.0.48 (from torch)
  Using cached nvidia_cudnn_cu13-9.20.0.48-py3-none-manylinux_2_27_x86_64.whl.metadata (1.9 kB)
Collecting nvidia-cusparselt-cu13==0.8.1 (from torch)
  Using cached nvidia_cusparselt_cu13-0.8.1-py3-none-manylinux2014_x86_64.whl.metadata (12 kB)
Collecting nvidia-nccl-cu13==2.29.7 (from torch)
  Using cached nvidia_nccl_cu13-2.29.7-py3-none-manylinux_2_18_x86_64.whl.metadata (2.1 kB)
Collecting nvidia-nvshmem-cu13==3.4.5 (from torch)
  Using cached nvidia_nvshmem_cu13-3.4.5-py3-none-manylinux2014_x86_64.manylinux_2_17_x86_64.whl.metadata (2.1 kB)
Collecting triton==3.7.1 (from torch)
  Downloading triton-3.7.1-cp311-cp311-manylinux_2_27_x86_64.manylinux_2_28_x86_64.whl.metadata (1.7 kB)
Collecting nvidia-cublas==13.1.1.3.* (from cuda-toolkit[cublas,cudart,cufft,cufile,cupti,curand,cusolver,cusparse,nvjitlink,nvrtc,nvtx]==13.0.3; platform_system == "Linux"->torch)
  Using cached nvidia_cublas-13.1.1.3-py3-none-manylinux_2_27_x86_64.whl.metadata (1.8 kB)
Collecting nvidia-cuda-nvrtc==13.0.88.* (from cuda-toolkit[cublas,cudart,cufft,cufile,cupti,curand,cusolver,cusparse,nvjitlink,nvrtc,nvtx]==13.0.3; platform_system == "Linux"->torch)
  Using cached nvidia_cuda_nvrtc-13.0.88-py3-none-manylinux2010_x86_64.manylinux_2_12_x86_64.whl.metadata (1.7 kB)
Collecting nvidia-cuda-runtime==13.0.96.* (from cuda-toolkit[cublas,cudart,cufft,cufile,cupti,curand,cusolver,cusparse,nvjitlink,nvrtc,nvtx]==13.0.3; platform_system == "Linux"->torch)
  Using cached nvidia_cuda_runtime-13.0.96-py3-none-manylinux2014_x86_64.manylinux_2_17_x86_64.whl.metadata (1.7 kB)
Collecting nvidia-cufft==12.0.0.61.* (from cuda-toolkit[cublas,cudart,cufft,cufile,cupti,curand,cusolver,cusparse,nvjitlink,nvrtc,nvtx]==13.0.3; platform_system == "Linux"->torch)
  Using cached nvidia_cufft-12.0.0.61-py3-none-manylinux2014_x86_64.manylinux_2_17_x86_64.whl.metadata (1.8 kB)
Collecting nvidia-nvjitlink<14,>=13.0.88 (from cuda-toolkit[cublas,cudart,cufft,cufile,cupti,curand,cusolver,cusparse,nvjitlink,nvrtc,nvtx]==13.0.3; platform_system == "Linux"->torch)
  Downloading nvidia_nvjitlink-13.3.33-py3-none-manylinux2010_x86_64.manylinux_2_12_x86_64.whl.metadata (1.8 kB)
Collecting nvidia-cufile==1.15.1.6.* (from cuda-toolkit[cublas,cudart,cufft,cufile,cupti,curand,cusolver,cusparse,nvjitlink,nvrtc,nvtx]==13.0.3; platform_system == "Linux"->torch)
  Using cached nvidia_cufile-1.15.1.6-py3-none-manylinux2014_x86_64.manylinux_2_17_x86_64.whl.metadata (1.7 kB)
Collecting nvidia-cuda-cupti==13.0.85.* (from cuda-toolkit[cublas,cudart,cufft,cufile,cupti,curand,cusolver,cusparse,nvjitlink,nvrtc,nvtx]==13.0.3; platform_system == "Linux"->torch)
  Using cached nvidia_cuda_cupti-13.0.85-py3-none-manylinux_2_25_x86_64.whl.metadata (1.7 kB)
Collecting nvidia-curand==10.4.0.35.* (from cuda-toolkit[cublas,cudart,cufft,cufile,cupti,curand,cusolver,cusparse,nvjitlink,nvrtc,nvtx]==13.0.3; platform_system == "Linux"->torch)
  Using cached nvidia_curand-10.4.0.35-py3-none-manylinux_2_27_x86_64.whl.metadata (1.7 kB)
Collecting nvidia-cusolver==12.0.4.66.* (from cuda-toolkit[cublas,cudart,cufft,cufile,cupti,curand,cusolver,cusparse,nvjitlink,nvrtc,nvtx]==13.0.3; platform_system == "Linux"->torch)
  Using cached nvidia_cusolver-12.0.4.66-py3-none-manylinux_2_27_x86_64.whl.metadata (1.8 kB)
Collecting nvidia-cusparse==12.6.3.3.* (from cuda-toolkit[cublas,cudart,cufft,cufile,cupti,curand,cusolver,cusparse,nvjitlink,nvrtc,nvtx]==13.0.3; platform_system == "Linux"->torch)
  Using cached nvidia_cusparse-12.6.3.3-py3-none-manylinux2014_x86_64.manylinux_2_17_x86_64.whl.metadata (1.8 kB)
Collecting nvidia-nvtx==13.0.85.* (from cuda-toolkit[cublas,cudart,cufft,cufile,cupti,curand,cusolver,cusparse,nvjitlink,nvrtc,nvtx]==13.0.3; platform_system == "Linux"->torch)
  Using cached nvidia_nvtx-13.0.85-py3-none-manylinux1_x86_64.manylinux_2_5_x86_64.whl.metadata (1.8 kB)
Collecting cuda-pathfinder>=1.4.2 (from cuda-bindings<14,>=13.0.3->torch)
  Downloading cuda_pathfinder-1.5.6-py3-none-any.whl.metadata (1.9 kB)
Collecting pillow!=8.3.*,>=5.3.0 (from torchvision)
  Downloading pillow-12.3.0-cp311-cp311-manylinux_2_27_x86_64.manylinux_2_28_x86_64.whl.metadata (9.1 kB)
Collecting contourpy>=1.0.1 (from matplotlib)
  Using cached contourpy-1.3.3-cp311-cp311-manylinux_2_27_x86_64.manylinux_2_28_x86_64.whl.metadata (5.5 kB)
Collecting cycler>=0.10 (from matplotlib)
  Using cached cycler-0.12.1-py3-none-any.whl.metadata (3.8 kB)
Collecting fonttools>=4.22.0 (from matplotlib)
  Using cached fonttools-4.63.0-cp311-cp311-manylinux2014_x86_64.manylinux_2_17_x86_64.whl.metadata (118 kB)
Collecting kiwisolver>=1.3.1 (from matplotlib)
  Using cached kiwisolver-1.5.0-cp311-cp311-manylinux2014_x86_64.manylinux_2_17_x86_64.whl.metadata (5.1 kB)
Collecting packaging>=20.0 (from matplotlib)
  Using cached packaging-26.2-py3-none-any.whl.metadata (3.5 kB)
Collecting pyparsing>=3 (from matplotlib)
  Using cached pyparsing-3.3.2-py3-none-any.whl.metadata (5.8 kB)
Collecting six>=1.5 (from python-dateutil>=2.8.2->pandas)
  Using cached six-1.17.0-py2.py3-none-any.whl.metadata (1.7 kB)
Collecting mpmath<1.4,>=1.1.0 (from sympy>=1.13.3->torch)
  Using cached mpmath-1.3.0-py3-none-any.whl.metadata (8.6 kB)
Collecting MarkupSafe>=2.0 (from jinja2->torch)
  Using cached markupsafe-3.0.3-cp311-cp311-manylinux2014_x86_64.manylinux_2_17_x86_64.manylinux_2_28_x86_64.whl.metadata (2.7 kB)
Using cached numpy-1.26.4-cp311-cp311-manylinux_2_17_x86_64.manylinux2014_x86_64.whl (18.3 MB)
Using cached pandas-3.0.3-cp311-cp311-manylinux_2_24_x86_64.manylinux_2_28_x86_64.whl (11.3 MB)
Downloading numexpr-2.14.1-cp311-cp311-manylinux_2_27_x86_64.manylinux_2_28_x86_64.whl (442 kB)
Downloading torch-2.13.0-cp311-cp311-manylinux_2_28_x86_64.whl (526.6 MB)
   ━━━━━━━━━━━━━━━━━━━━━━━━━━━━━━━━━━━━━━━━ 526.6/526.6 MB 121.3 MB/s  0:00:03
Downloading cuda_toolkit-13.0.3.0-py2.py3-none-any.whl (2.5 kB)
Using cached nvidia_cudnn_cu13-9.20.0.48-py3-none-manylinux_2_27_x86_64.whl (366.2 MB)
Using cached nvidia_cusparselt_cu13-0.8.1-py3-none-manylinux2014_x86_64.whl (170.1 MB)
Using cached nvidia_nccl_cu13-2.29.7-py3-none-manylinux_2_18_x86_64.whl (206.0 MB)
Using cached nvidia_nvshmem_cu13-3.4.5-py3-none-manylinux2014_x86_64.manylinux_2_17_x86_64.whl (60.4 MB)
Downloading triton-3.7.1-cp311-cp311-manylinux_2_27_x86_64.manylinux_2_28_x86_64.whl (197.7 MB)
   ━━━━━━━━━━━━━━━━━━━━━━━━━━━━━━━━━━━━━━━━ 197.7/197.7 MB 131.2 MB/s  0:00:01
Using cached cuda_bindings-13.3.1-cp311-cp311-manylinux_2_24_x86_64.manylinux_2_28_x86_64.whl (6.7 MB)
Using cached nvidia_cublas-13.1.1.3-py3-none-manylinux_2_27_x86_64.whl (423.1 MB)
Using cached nvidia_cuda_cupti-13.0.85-py3-none-manylinux_2_25_x86_64.whl (10.7 MB)
Using cached nvidia_cuda_nvrtc-13.0.88-py3-none-manylinux2010_x86_64.manylinux_2_12_x86_64.whl (90.2 MB)
Using cached nvidia_cuda_runtime-13.0.96-py3-none-manylinux2014_x86_64.manylinux_2_17_x86_64.whl (2.2 MB)
Using cached nvidia_cufft-12.0.0.61-py3-none-manylinux2014_x86_64.manylinux_2_17_x86_64.whl (214.1 MB)
Using cached nvidia_cufile-1.15.1.6-py3-none-manylinux2014_x86_64.manylinux_2_17_x86_64.whl (1.2 MB)
Using cached nvidia_curand-10.4.0.35-py3-none-manylinux_2_27_x86_64.whl (59.5 MB)
Using cached nvidia_cusolver-12.0.4.66-py3-none-manylinux_2_27_x86_64.whl (200.9 MB)
Using cached nvidia_cusparse-12.6.3.3-py3-none-manylinux2014_x86_64.manylinux_2_17_x86_64.whl (145.9 MB)
Downloading nvidia_nvjitlink-13.3.33-py3-none-manylinux2010_x86_64.manylinux_2_12_x86_64.whl (40.7 MB)
   ━━━━━━━━━━━━━━━━━━━━━━━━━━━━━━━━━━━━━━━━ 40.7/40.7 MB 219.1 MB/s  0:00:00
Using cached nvidia_nvtx-13.0.85-py3-none-manylinux1_x86_64.manylinux_2_5_x86_64.whl (148 kB)
Downloading torchvision-0.28.0-cp311-cp311-manylinux_2_28_x86_64.whl (7.7 MB)
   ━━━━━━━━━━━━━━━━━━━━━━━━━━━━━━━━━━━━━━━━ 7.7/7.7 MB 99.0 MB/s  0:00:00
Downloading matplotlib-3.11.0-cp311-cp311-manylinux2014_x86_64.manylinux_2_17_x86_64.whl (10.0 MB)
   ━━━━━━━━━━━━━━━━━━━━━━━━━━━━━━━━━━━━━━━━ 10.0/10.0 MB 120.3 MB/s  0:00:00
Using cached contourpy-1.3.3-cp311-cp311-manylinux_2_27_x86_64.manylinux_2_28_x86_64.whl (355 kB)
Downloading cuda_pathfinder-1.5.6-py3-none-any.whl (52 kB)
Using cached cycler-0.12.1-py3-none-any.whl (8.3 kB)
Using cached fonttools-4.63.0-cp311-cp311-manylinux2014_x86_64.manylinux_2_17_x86_64.whl (5.1 MB)
Downloading fsspec-2026.6.0-py3-none-any.whl (203 kB)
Using cached kiwisolver-1.5.0-cp311-cp311-manylinux2014_x86_64.manylinux_2_17_x86_64.whl (1.4 MB)
Using cached networkx-3.6.1-py3-none-any.whl (2.1 MB)
Using cached packaging-26.2-py3-none-any.whl (100 kB)
Downloading pillow-12.3.0-cp311-cp311-manylinux_2_27_x86_64.manylinux_2_28_x86_64.whl (6.9 MB)
   ━━━━━━━━━━━━━━━━━━━━━━━━━━━━━━━━━━━━━━━━ 6.9/6.9 MB 113.4 MB/s  0:00:00
Using cached pyparsing-3.3.2-py3-none-any.whl (122 kB)
Using cached python_dateutil-2.9.0.post0-py2.py3-none-any.whl (229 kB)
Downloading setuptools-83.0.0-py3-none-any.whl (1.0 MB)
   ━━━━━━━━━━━━━━━━━━━━━━━━━━━━━━━━━━━━━━━━ 1.0/1.0 MB 37.0 MB/s  0:00:00
Using cached six-1.17.0-py2.py3-none-any.whl (11 kB)
Using cached sympy-1.14.0-py3-none-any.whl (6.3 MB)
Using cached mpmath-1.3.0-py3-none-any.whl (536 kB)
Downloading typing_extensions-4.16.0-py3-none-any.whl (45 kB)
Downloading filelock-3.30.3-py3-none-any.whl (94 kB)
Using cached jinja2-3.1.6-py3-none-any.whl (134 kB)
Using cached markupsafe-3.0.3-cp311-cp311-manylinux2014_x86_64.manylinux_2_17_x86_64.manylinux_2_28_x86_64.whl (22 kB)
Installing collected packages: nvidia-cusparselt-cu13, mpmath, cuda-toolkit, typing-extensions, triton, sympy, six, setuptools, pyparsing, pillow, packaging, nvidia-nvtx, nvidia-nvshmem-cu13, nvidia-nvjitlink, nvidia-nccl-cu13, nvidia-curand, nvidia-cufile, nvidia-cuda-runtime, nvidia-cuda-nvrtc, nvidia-cuda-cupti, numpy, networkx, MarkupSafe, kiwisolver, fsspec, fonttools, filelock, cycler, cuda-pathfinder, python-dateutil, nvidia-cusparse, nvidia-cufft, nvidia-cublas, numexpr, jinja2, cuda-bindings, contourpy, pandas, nvidia-cusolver, nvidia-cudnn-cu13, matplotlib, torch, torchvision
  Attempting uninstall: setuptools
    Found existing installation: setuptools 65.5.0
    Uninstalling setuptools-65.5.0:
      Successfully uninstalled setuptools-65.5.0

Successfully installed MarkupSafe-3.0.3 contourpy-1.3.3 cuda-bindings-13.3.1 cuda-pathfinder-1.5.6 cuda-toolkit-13.0.3.0 cycler-0.12.1 filelock-3.30.3 fonttools-4.63.0 fsspec-2026.6.0 jinja2-3.1.6 kiwisolver-1.5.0 matplotlib-3.11.0 mpmath-1.3.0 networkx-3.6.1 numexpr-2.14.1 numpy-1.26.4 nvidia-cublas-13.1.1.3 nvidia-cuda-cupti-13.0.85 nvidia-cuda-nvrtc-13.0.88 nvidia-cuda-runtime-13.0.96 nvidia-cudnn-cu13-9.20.0.48 nvidia-cufft-12.0.0.61 nvidia-cufile-1.15.1.6 nvidia-curand-10.4.0.35 nvidia-cusolver-12.0.4.66 nvidia-cusparse-12.6.3.3 nvidia-cusparselt-cu13-0.8.1 nvidia-nccl-cu13-2.29.7 nvidia-nvjitlink-13.3.33 nvidia-nvshmem-cu13-3.4.5 nvidia-nvtx-13.0.85 packaging-26.2 pandas-3.0.3 pillow-12.3.0 pyparsing-3.3.2 python-dateutil-2.9.0.post0 setuptools-83.0.0 six-1.17.0 sympy-1.14.0 torch-2.13.0 torchvision-0.28.0 triton-3.7.1 typing-extensions-4.16.0
Using device: cuda
Loading training dataset...
Preloading and resizing 1800 episodes in parallel from /blue/iruchkin/khek.do/sorted_ttc_padding_fix/train...
Preloading complete!
Loading test dataset...
Preloading and resizing 200 episodes in parallel from /blue/iruchkin/khek.do/sorted_ttc_padding_fix/test...
Preloading complete!
Creating VideoTTCPredictor model with hidden_dim=256, dropout=0.4, action_dim=16, and use_actions=False...
Freezing early CNN backbone layers, keeping layer3 and layer4 unfrozen...
Using Huber Loss (Smooth L1 Loss) with reduction='none'
Using Cosine Annealing learning rate scheduler
Total trainable parameters: 11841281
Epoch 1/10 | Batch 50/5682 | Loss: 0.5178
Epoch 1/10 | Batch 100/5682 | Loss: 0.8626
Epoch 1/10 | Batch 150/5682 | Loss: 0.6081
Epoch 1/10 | Batch 200/5682 | Loss: 0.5132
Epoch 1/10 | Batch 250/5682 | Loss: 0.4322
Epoch 1/10 | Batch 300/5682 | Loss: 0.4014
Epoch 1/10 | Batch 350/5682 | Loss: 0.5207
Epoch 1/10 | Batch 400/5682 | Loss: 0.6588
Epoch 1/10 | Batch 450/5682 | Loss: 0.5518
Epoch 1/10 | Batch 500/5682 | Loss: 0.6600
Epoch 1/10 | Batch 550/5682 | Loss: 0.7099
Epoch 1/10 | Batch 600/5682 | Loss: 0.6300
Epoch 1/10 | Batch 650/5682 | Loss: 0.8280
Epoch 1/10 | Batch 700/5682 | Loss: 0.4673
Epoch 1/10 | Batch 750/5682 | Loss: 0.7063
Epoch 1/10 | Batch 800/5682 | Loss: 0.7184
Epoch 1/10 | Batch 850/5682 | Loss: 0.4192
Epoch 1/10 | Batch 900/5682 | Loss: 0.3741
Epoch 1/10 | Batch 950/5682 | Loss: 0.3368
Epoch 1/10 | Batch 1000/5682 | Loss: 0.5814
Epoch 1/10 | Batch 1050/5682 | Loss: 0.4511
Epoch 1/10 | Batch 1100/5682 | Loss: 0.3545
Epoch 1/10 | Batch 1150/5682 | Loss: 0.5185
Epoch 1/10 | Batch 1200/5682 | Loss: 0.3041
Epoch 1/10 | Batch 1250/5682 | Loss: 0.6229
Epoch 1/10 | Batch 1300/5682 | Loss: 0.4225
Epoch 1/10 | Batch 1350/5682 | Loss: 0.2599
Epoch 1/10 | Batch 1400/5682 | Loss: 0.7264
Epoch 1/10 | Batch 1450/5682 | Loss: 0.5919
Epoch 1/10 | Batch 1500/5682 | Loss: 0.1672
Epoch 1/10 | Batch 1550/5682 | Loss: 0.3287
Epoch 1/10 | Batch 1600/5682 | Loss: 0.5154
Epoch 1/10 | Batch 1650/5682 | Loss: 0.6292
Epoch 1/10 | Batch 1700/5682 | Loss: 0.5989
Epoch 1/10 | Batch 1750/5682 | Loss: 0.3878
Epoch 1/10 | Batch 1800/5682 | Loss: 0.5328
Epoch 1/10 | Batch 1850/5682 | Loss: 0.7003
Epoch 1/10 | Batch 1900/5682 | Loss: 0.6210
Epoch 1/10 | Batch 1950/5682 | Loss: 0.5421
Epoch 1/10 | Batch 2000/5682 | Loss: 0.3683
Epoch 1/10 | Batch 2050/5682 | Loss: 0.2594
Epoch 1/10 | Batch 2100/5682 | Loss: 0.3970
Epoch 1/10 | Batch 2150/5682 | Loss: 0.6511
Epoch 1/10 | Batch 2200/5682 | Loss: 0.3013
Epoch 1/10 | Batch 2250/5682 | Loss: 0.2882
Epoch 1/10 | Batch 2300/5682 | Loss: 0.4261
Epoch 1/10 | Batch 2350/5682 | Loss: 0.4310
Epoch 1/10 | Batch 2400/5682 | Loss: 0.3788
Epoch 1/10 | Batch 2450/5682 | Loss: 0.3331
Epoch 1/10 | Batch 2500/5682 | Loss: 0.2595
Epoch 1/10 | Batch 2550/5682 | Loss: 0.6456
Epoch 1/10 | Batch 2600/5682 | Loss: 0.4410
Epoch 1/10 | Batch 2650/5682 | Loss: 0.3435
Epoch 1/10 | Batch 2700/5682 | Loss: 0.5174
Epoch 1/10 | Batch 2750/5682 | Loss: 0.2240
Epoch 1/10 | Batch 2800/5682 | Loss: 0.4205
Epoch 1/10 | Batch 2850/5682 | Loss: 0.4124
Epoch 1/10 | Batch 2900/5682 | Loss: 0.5464
Epoch 1/10 | Batch 2950/5682 | Loss: 0.5660
Epoch 1/10 | Batch 3000/5682 | Loss: 0.3928
Epoch 1/10 | Batch 3050/5682 | Loss: 0.4299
Epoch 1/10 | Batch 3100/5682 | Loss: 0.5914
Epoch 1/10 | Batch 3150/5682 | Loss: 0.3630
Epoch 1/10 | Batch 3200/5682 | Loss: 0.2656
Epoch 1/10 | Batch 3250/5682 | Loss: 0.5536
Epoch 1/10 | Batch 3300/5682 | Loss: 0.5588
Epoch 1/10 | Batch 3350/5682 | Loss: 0.3828
Epoch 1/10 | Batch 3400/5682 | Loss: 0.6623
Epoch 1/10 | Batch 3450/5682 | Loss: 0.2677
Epoch 1/10 | Batch 3500/5682 | Loss: 0.3725
Epoch 1/10 | Batch 3550/5682 | Loss: 0.4777
Epoch 1/10 | Batch 3600/5682 | Loss: 0.2973
Epoch 1/10 | Batch 3650/5682 | Loss: 0.6764
Epoch 1/10 | Batch 3700/5682 | Loss: 0.3511
Epoch 1/10 | Batch 3750/5682 | Loss: 0.6210
Epoch 1/10 | Batch 3800/5682 | Loss: 0.2323
Epoch 1/10 | Batch 3850/5682 | Loss: 0.5325
Epoch 1/10 | Batch 3900/5682 | Loss: 0.6182
Epoch 1/10 | Batch 3950/5682 | Loss: 0.4809
Epoch 1/10 | Batch 4000/5682 | Loss: 0.3513
Epoch 1/10 | Batch 4050/5682 | Loss: 0.3696
Epoch 1/10 | Batch 4100/5682 | Loss: 0.2411
Epoch 1/10 | Batch 4150/5682 | Loss: 0.6906
Epoch 1/10 | Batch 4200/5682 | Loss: 0.2376
Epoch 1/10 | Batch 4250/5682 | Loss: 0.5784
Epoch 1/10 | Batch 4300/5682 | Loss: 0.5336
Epoch 1/10 | Batch 4350/5682 | Loss: 0.2464
Epoch 1/10 | Batch 4400/5682 | Loss: 0.3991
Epoch 1/10 | Batch 4450/5682 | Loss: 0.2882
Epoch 1/10 | Batch 4500/5682 | Loss: 0.6831
Epoch 1/10 | Batch 4550/5682 | Loss: 0.5124
Epoch 1/10 | Batch 4600/5682 | Loss: 0.5327
Epoch 1/10 | Batch 4650/5682 | Loss: 0.4085
Epoch 1/10 | Batch 4700/5682 | Loss: 0.5418
Epoch 1/10 | Batch 4750/5682 | Loss: 0.7391
Epoch 1/10 | Batch 4800/5682 | Loss: 0.2402
Epoch 1/10 | Batch 4850/5682 | Loss: 0.5357
Epoch 1/10 | Batch 4900/5682 | Loss: 0.4784
Epoch 1/10 | Batch 4950/5682 | Loss: 0.4427
Epoch 1/10 | Batch 5000/5682 | Loss: 0.4828
Epoch 1/10 | Batch 5050/5682 | Loss: 0.7218
Epoch 1/10 | Batch 5100/5682 | Loss: 0.6308
Epoch 1/10 | Batch 5150/5682 | Loss: 0.2099
Epoch 1/10 | Batch 5200/5682 | Loss: 0.5372
Epoch 1/10 | Batch 5250/5682 | Loss: 0.4156
Epoch 1/10 | Batch 5300/5682 | Loss: 0.3189
Epoch 1/10 | Batch 5350/5682 | Loss: 0.4179
Epoch 1/10 | Batch 5400/5682 | Loss: 0.3623
Epoch 1/10 | Batch 5450/5682 | Loss: 0.4161
Epoch 1/10 | Batch 5500/5682 | Loss: 0.2912
Epoch 1/10 | Batch 5550/5682 | Loss: 0.3325
Epoch 1/10 | Batch 5600/5682 | Loss: 0.1985
Epoch 1/10 | Batch 5650/5682 | Loss: 0.3368
=== Epoch 1 Complete ===
Train Loss (huber): 0.4740
Val Loss (huber):   0.4872
Val MSE:   1.7711 | Val RMSE: 1.3308 | Val MAE: 0.8130
New best model saved to best_model.pth (Val Loss: 0.4872)
Saved checkpoint to checkpoint.pth

Epoch 2/10 | Batch 50/5682 | Loss: 0.2287
Epoch 2/10 | Batch 100/5682 | Loss: 0.3557
Epoch 2/10 | Batch 150/5682 | Loss: 0.2512
Epoch 2/10 | Batch 200/5682 | Loss: 0.2304
Epoch 2/10 | Batch 250/5682 | Loss: 0.6243
Epoch 2/10 | Batch 300/5682 | Loss: 0.6165
Epoch 2/10 | Batch 350/5682 | Loss: 0.4046
Epoch 2/10 | Batch 400/5682 | Loss: 0.4268
Epoch 2/10 | Batch 450/5682 | Loss: 0.3469
Epoch 2/10 | Batch 500/5682 | Loss: 0.3409
Epoch 2/10 | Batch 550/5682 | Loss: 0.4893
Epoch 2/10 | Batch 600/5682 | Loss: 0.5618
Epoch 2/10 | Batch 650/5682 | Loss: 0.3550
Epoch 2/10 | Batch 700/5682 | Loss: 0.6012
Epoch 2/10 | Batch 750/5682 | Loss: 0.1303
Epoch 2/10 | Batch 800/5682 | Loss: 0.5424
Epoch 2/10 | Batch 850/5682 | Loss: 0.2057
Epoch 2/10 | Batch 900/5682 | Loss: 0.3852
Epoch 2/10 | Batch 950/5682 | Loss: 0.4228
Epoch 2/10 | Batch 1000/5682 | Loss: 0.7452
Epoch 2/10 | Batch 1050/5682 | Loss: 0.2553
Epoch 2/10 | Batch 1100/5682 | Loss: 0.2217
Epoch 2/10 | Batch 1150/5682 | Loss: 0.2486
Epoch 2/10 | Batch 1200/5682 | Loss: 0.2795
Epoch 2/10 | Batch 1250/5682 | Loss: 0.2580
Epoch 2/10 | Batch 1300/5682 | Loss: 0.3677
Epoch 2/10 | Batch 1350/5682 | Loss: 0.4772
Epoch 2/10 | Batch 1400/5682 | Loss: 0.4013
Epoch 2/10 | Batch 1450/5682 | Loss: 0.3966
Epoch 2/10 | Batch 1500/5682 | Loss: 0.4367
Epoch 2/10 | Batch 1550/5682 | Loss: 0.6207
Epoch 2/10 | Batch 1600/5682 | Loss: 0.2971
Epoch 2/10 | Batch 1650/5682 | Loss: 0.6024
Epoch 2/10 | Batch 1700/5682 | Loss: 0.2435
Epoch 2/10 | Batch 1750/5682 | Loss: 0.5267
Epoch 2/10 | Batch 1800/5682 | Loss: 0.7079
Epoch 2/10 | Batch 1850/5682 | Loss: 0.5198
Epoch 2/10 | Batch 1900/5682 | Loss: 0.7147
Epoch 2/10 | Batch 1950/5682 | Loss: 0.5251
Epoch 2/10 | Batch 2000/5682 | Loss: 0.3530
Epoch 2/10 | Batch 2050/5682 | Loss: 0.3433
Epoch 2/10 | Batch 2100/5682 | Loss: 0.4604
Epoch 2/10 | Batch 2150/5682 | Loss: 0.3382
Epoch 2/10 | Batch 2200/5682 | Loss: 0.3255
Epoch 2/10 | Batch 2250/5682 | Loss: 0.4036
Epoch 2/10 | Batch 2300/5682 | Loss: 0.2337
Epoch 2/10 | Batch 2350/5682 | Loss: 0.3740
Epoch 2/10 | Batch 2400/5682 | Loss: 0.2335
Epoch 2/10 | Batch 2450/5682 | Loss: 0.6080
Epoch 2/10 | Batch 2500/5682 | Loss: 0.5360
Epoch 2/10 | Batch 2550/5682 | Loss: 0.2665
Epoch 2/10 | Batch 2600/5682 | Loss: 1.1240
Epoch 2/10 | Batch 2650/5682 | Loss: 0.5522
Epoch 2/10 | Batch 2700/5682 | Loss: 0.3723
Epoch 2/10 | Batch 2750/5682 | Loss: 0.8077
Epoch 2/10 | Batch 2800/5682 | Loss: 0.1528
Epoch 2/10 | Batch 2850/5682 | Loss: 0.1751
Epoch 2/10 | Batch 2900/5682 | Loss: 0.4258
Epoch 2/10 | Batch 2950/5682 | Loss: 0.3544
Epoch 2/10 | Batch 3000/5682 | Loss: 0.5491
Epoch 2/10 | Batch 3050/5682 | Loss: 0.4400
Epoch 2/10 | Batch 3100/5682 | Loss: 0.2907
Epoch 2/10 | Batch 3150/5682 | Loss: 0.2534
Epoch 2/10 | Batch 3200/5682 | Loss: 0.1780
Epoch 2/10 | Batch 3250/5682 | Loss: 0.3731
Epoch 2/10 | Batch 3300/5682 | Loss: 0.2534
Epoch 2/10 | Batch 3350/5682 | Loss: 0.6193
Epoch 2/10 | Batch 3400/5682 | Loss: 0.4655
Epoch 2/10 | Batch 3450/5682 | Loss: 0.5950
Epoch 2/10 | Batch 3500/5682 | Loss: 0.2778
Epoch 2/10 | Batch 3550/5682 | Loss: 0.5016
Epoch 2/10 | Batch 3600/5682 | Loss: 0.4825
Epoch 2/10 | Batch 3650/5682 | Loss: 0.2600
Epoch 2/10 | Batch 3700/5682 | Loss: 0.3366
Epoch 2/10 | Batch 3750/5682 | Loss: 0.3482
Epoch 2/10 | Batch 3800/5682 | Loss: 0.3007
Epoch 2/10 | Batch 3850/5682 | Loss: 0.1055
Epoch 2/10 | Batch 3900/5682 | Loss: 0.4342
Epoch 2/10 | Batch 3950/5682 | Loss: 0.4713
Epoch 2/10 | Batch 4000/5682 | Loss: 0.5845
Epoch 2/10 | Batch 4050/5682 | Loss: 0.5092
Epoch 2/10 | Batch 4100/5682 | Loss: 0.2602
Epoch 2/10 | Batch 4150/5682 | Loss: 0.3998
Epoch 2/10 | Batch 4200/5682 | Loss: 0.4267
Epoch 2/10 | Batch 4250/5682 | Loss: 0.2561
Epoch 2/10 | Batch 4300/5682 | Loss: 0.4102
Epoch 2/10 | Batch 4350/5682 | Loss: 0.3299
Epoch 2/10 | Batch 4400/5682 | Loss: 0.2252
Epoch 2/10 | Batch 4450/5682 | Loss: 0.3344
Epoch 2/10 | Batch 4500/5682 | Loss: 0.3020
Epoch 2/10 | Batch 4550/5682 | Loss: 0.3765
Epoch 2/10 | Batch 4600/5682 | Loss: 0.5594
Epoch 2/10 | Batch 4650/5682 | Loss: 0.2865
Epoch 2/10 | Batch 4700/5682 | Loss: 0.5864
Epoch 2/10 | Batch 4750/5682 | Loss: 0.2425
Epoch 2/10 | Batch 4800/5682 | Loss: 0.3598
Epoch 2/10 | Batch 4850/5682 | Loss: 0.3846
Epoch 2/10 | Batch 4900/5682 | Loss: 0.9225
Epoch 2/10 | Batch 4950/5682 | Loss: 0.2400
Epoch 2/10 | Batch 5000/5682 | Loss: 0.2565
Epoch 2/10 | Batch 5050/5682 | Loss: 0.3394
Epoch 2/10 | Batch 5100/5682 | Loss: 0.1795
Epoch 2/10 | Batch 5150/5682 | Loss: 0.4311
Epoch 2/10 | Batch 5200/5682 | Loss: 0.3673
Epoch 2/10 | Batch 5250/5682 | Loss: 0.5900
Epoch 2/10 | Batch 5300/5682 | Loss: 0.4254
Epoch 2/10 | Batch 5350/5682 | Loss: 0.2246
Epoch 2/10 | Batch 5400/5682 | Loss: 0.3692
Epoch 2/10 | Batch 5450/5682 | Loss: 0.1146
Epoch 2/10 | Batch 5500/5682 | Loss: 0.3600
Epoch 2/10 | Batch 5550/5682 | Loss: 0.4451
Epoch 2/10 | Batch 5600/5682 | Loss: 0.5842
Epoch 2/10 | Batch 5650/5682 | Loss: 0.2890
=== Epoch 2 Complete ===
Train Loss (huber): 0.3872
Val Loss (huber):   0.5041
Val MSE:   1.8706 | Val RMSE: 1.3677 | Val MAE: 0.8231
Saved checkpoint to checkpoint.pth

Epoch 3/10 | Batch 50/5682 | Loss: 0.2799
Epoch 3/10 | Batch 100/5682 | Loss: 0.2521
Epoch 3/10 | Batch 150/5682 | Loss: 0.5450
Epoch 3/10 | Batch 200/5682 | Loss: 0.2211
Epoch 3/10 | Batch 250/5682 | Loss: 0.3120
Epoch 3/10 | Batch 300/5682 | Loss: 0.3201
Epoch 3/10 | Batch 350/5682 | Loss: 0.4720
Epoch 3/10 | Batch 400/5682 | Loss: 0.3450
Epoch 3/10 | Batch 450/5682 | Loss: 0.1945
Epoch 3/10 | Batch 500/5682 | Loss: 0.3362
Epoch 3/10 | Batch 550/5682 | Loss: 0.1022
Epoch 3/10 | Batch 600/5682 | Loss: 0.2648
Epoch 3/10 | Batch 650/5682 | Loss: 0.5554
Epoch 3/10 | Batch 700/5682 | Loss: 0.2778
Epoch 3/10 | Batch 750/5682 | Loss: 0.4572
Epoch 3/10 | Batch 800/5682 | Loss: 0.4806
Epoch 3/10 | Batch 850/5682 | Loss: 0.1864
Epoch 3/10 | Batch 900/5682 | Loss: 0.2760
Epoch 3/10 | Batch 950/5682 | Loss: 0.6486
Epoch 3/10 | Batch 1000/5682 | Loss: 0.1802
Epoch 3/10 | Batch 1050/5682 | Loss: 0.1946
Epoch 3/10 | Batch 1100/5682 | Loss: 0.4754
Epoch 3/10 | Batch 1150/5682 | Loss: 0.4080
Epoch 3/10 | Batch 1200/5682 | Loss: 0.4541
Epoch 3/10 | Batch 1250/5682 | Loss: 0.6968
Epoch 3/10 | Batch 1300/5682 | Loss: 0.3053
Epoch 3/10 | Batch 1350/5682 | Loss: 0.2403
Epoch 3/10 | Batch 1400/5682 | Loss: 0.3703
Epoch 3/10 | Batch 1450/5682 | Loss: 0.1517
Epoch 3/10 | Batch 1500/5682 | Loss: 0.2698
Epoch 3/10 | Batch 1550/5682 | Loss: 0.3597
Epoch 3/10 | Batch 1600/5682 | Loss: 0.1411
Epoch 3/10 | Batch 1650/5682 | Loss: 0.3244
Epoch 3/10 | Batch 1700/5682 | Loss: 0.2249
Epoch 3/10 | Batch 1750/5682 | Loss: 0.1554
Epoch 3/10 | Batch 1800/5682 | Loss: 0.1587
Epoch 3/10 | Batch 1850/5682 | Loss: 0.1788
Epoch 3/10 | Batch 1900/5682 | Loss: 0.4920
Epoch 3/10 | Batch 1950/5682 | Loss: 0.1868
Epoch 3/10 | Batch 2000/5682 | Loss: 0.3534
Epoch 3/10 | Batch 2050/5682 | Loss: 0.3203
Epoch 3/10 | Batch 2100/5682 | Loss: 0.4529
Epoch 3/10 | Batch 2150/5682 | Loss: 0.2719
Epoch 3/10 | Batch 2200/5682 | Loss: 0.3588
Epoch 3/10 | Batch 2250/5682 | Loss: 0.2852
Epoch 3/10 | Batch 2300/5682 | Loss: 0.3260
Epoch 3/10 | Batch 2350/5682 | Loss: 0.6456
Epoch 3/10 | Batch 2400/5682 | Loss: 0.4294
Epoch 3/10 | Batch 2450/5682 | Loss: 0.3317
Epoch 3/10 | Batch 2500/5682 | Loss: 0.2868
Epoch 3/10 | Batch 2550/5682 | Loss: 0.4160
Epoch 3/10 | Batch 2600/5682 | Loss: 0.1965
Epoch 3/10 | Batch 2650/5682 | Loss: 0.2790
Epoch 3/10 | Batch 2700/5682 | Loss: 0.3658
Epoch 3/10 | Batch 2750/5682 | Loss: 0.1552
Epoch 3/10 | Batch 2800/5682 | Loss: 0.3636
Epoch 3/10 | Batch 2850/5682 | Loss: 0.2632
Epoch 3/10 | Batch 2900/5682 | Loss: 0.1381
Epoch 3/10 | Batch 2950/5682 | Loss: 0.1136
Epoch 3/10 | Batch 3000/5682 | Loss: 0.4448
Epoch 3/10 | Batch 3050/5682 | Loss: 0.3504
Epoch 3/10 | Batch 3100/5682 | Loss: 0.1884
Epoch 3/10 | Batch 3150/5682 | Loss: 0.2917
Epoch 3/10 | Batch 3200/5682 | Loss: 0.2903
Epoch 3/10 | Batch 3250/5682 | Loss: 0.4557
Epoch 3/10 | Batch 3300/5682 | Loss: 0.3965
Epoch 3/10 | Batch 3350/5682 | Loss: 0.2436
Epoch 3/10 | Batch 3400/5682 | Loss: 0.2673
Epoch 3/10 | Batch 3450/5682 | Loss: 0.3311
Epoch 3/10 | Batch 3500/5682 | Loss: 0.1323
Epoch 3/10 | Batch 3550/5682 | Loss: 0.1851
Epoch 3/10 | Batch 3600/5682 | Loss: 0.3080
Epoch 3/10 | Batch 3650/5682 | Loss: 0.3103
Epoch 3/10 | Batch 3700/5682 | Loss: 0.4363
Epoch 3/10 | Batch 3750/5682 | Loss: 0.1539
Epoch 3/10 | Batch 3800/5682 | Loss: 0.6142
Epoch 3/10 | Batch 3850/5682 | Loss: 0.1073
Epoch 3/10 | Batch 3900/5682 | Loss: 0.1464
Epoch 3/10 | Batch 3950/5682 | Loss: 0.3979
Epoch 3/10 | Batch 4000/5682 | Loss: 0.3138
Epoch 3/10 | Batch 4050/5682 | Loss: 0.2901
Epoch 3/10 | Batch 4100/5682 | Loss: 0.1533
Epoch 3/10 | Batch 4150/5682 | Loss: 0.2842
Epoch 3/10 | Batch 4200/5682 | Loss: 0.1857
Epoch 3/10 | Batch 4250/5682 | Loss: 0.4262
Epoch 3/10 | Batch 4300/5682 | Loss: 0.4455
Epoch 3/10 | Batch 4350/5682 | Loss: 0.2356
Epoch 3/10 | Batch 4400/5682 | Loss: 0.1717
Epoch 3/10 | Batch 4450/5682 | Loss: 0.3029
Epoch 3/10 | Batch 4500/5682 | Loss: 0.2615
Epoch 3/10 | Batch 4550/5682 | Loss: 0.1330
Epoch 3/10 | Batch 4600/5682 | Loss: 0.2788
Epoch 3/10 | Batch 4650/5682 | Loss: 0.2522
Epoch 3/10 | Batch 4700/5682 | Loss: 0.1974
Epoch 3/10 | Batch 4750/5682 | Loss: 0.3878
Epoch 3/10 | Batch 4800/5682 | Loss: 0.3096
Epoch 3/10 | Batch 4850/5682 | Loss: 0.2591
Epoch 3/10 | Batch 4900/5682 | Loss: 0.2956
Epoch 3/10 | Batch 4950/5682 | Loss: 0.4016
Epoch 3/10 | Batch 5000/5682 | Loss: 0.1231
Epoch 3/10 | Batch 5050/5682 | Loss: 0.3429
Epoch 3/10 | Batch 5100/5682 | Loss: 0.3768
Epoch 3/10 | Batch 5150/5682 | Loss: 0.5280
Epoch 3/10 | Batch 5200/5682 | Loss: 0.1217
Epoch 3/10 | Batch 5250/5682 | Loss: 0.4482
Epoch 3/10 | Batch 5300/5682 | Loss: 0.1926
Epoch 3/10 | Batch 5350/5682 | Loss: 0.2432
Epoch 3/10 | Batch 5400/5682 | Loss: 0.2499
Epoch 3/10 | Batch 5450/5682 | Loss: 0.2818
Epoch 3/10 | Batch 5500/5682 | Loss: 0.3377
Epoch 3/10 | Batch 5550/5682 | Loss: 0.3497
Epoch 3/10 | Batch 5600/5682 | Loss: 0.1536
Epoch 3/10 | Batch 5650/5682 | Loss: 0.4254
=== Epoch 3 Complete ===
Train Loss (huber): 0.2990
Val Loss (huber):   0.5453
Val MSE:   2.0362 | Val RMSE: 1.4270 | Val MAE: 0.8709
Saved checkpoint to checkpoint.pth

Epoch 4/10 | Batch 50/5682 | Loss: 0.2095
Epoch 4/10 | Batch 100/5682 | Loss: 0.3870
Epoch 4/10 | Batch 150/5682 | Loss: 0.4520
Epoch 4/10 | Batch 200/5682 | Loss: 0.1745
Epoch 4/10 | Batch 250/5682 | Loss: 0.1964
Epoch 4/10 | Batch 300/5682 | Loss: 0.3339
Epoch 4/10 | Batch 350/5682 | Loss: 0.5369
Epoch 4/10 | Batch 400/5682 | Loss: 0.1574
Epoch 4/10 | Batch 450/5682 | Loss: 0.1539
Epoch 4/10 | Batch 500/5682 | Loss: 0.2038
Epoch 4/10 | Batch 550/5682 | Loss: 0.1331
Epoch 4/10 | Batch 600/5682 | Loss: 0.0996
Epoch 4/10 | Batch 650/5682 | Loss: 0.1118
Epoch 4/10 | Batch 700/5682 | Loss: 0.3176
Epoch 4/10 | Batch 750/5682 | Loss: 0.3032
Epoch 4/10 | Batch 800/5682 | Loss: 0.3060
Epoch 4/10 | Batch 850/5682 | Loss: 0.1640
Epoch 4/10 | Batch 900/5682 | Loss: 0.1976
Epoch 4/10 | Batch 950/5682 | Loss: 0.3321
Epoch 4/10 | Batch 1000/5682 | Loss: 0.1948
Epoch 4/10 | Batch 1050/5682 | Loss: 0.2279
Epoch 4/10 | Batch 1100/5682 | Loss: 0.3041
Epoch 4/10 | Batch 1150/5682 | Loss: 0.1424
Epoch 4/10 | Batch 1200/5682 | Loss: 0.1250
Epoch 4/10 | Batch 1250/5682 | Loss: 0.2036
Epoch 4/10 | Batch 1300/5682 | Loss: 0.1754
Epoch 4/10 | Batch 1350/5682 | Loss: 0.1404
Epoch 4/10 | Batch 1400/5682 | Loss: 0.1372
Epoch 4/10 | Batch 1450/5682 | Loss: 0.1458
Epoch 4/10 | Batch 1500/5682 | Loss: 0.5640
Epoch 4/10 | Batch 1550/5682 | Loss: 0.2024
Epoch 4/10 | Batch 1600/5682 | Loss: 0.3577
Epoch 4/10 | Batch 1650/5682 | Loss: 0.1840
Epoch 4/10 | Batch 1700/5682 | Loss: 0.2824
Epoch 4/10 | Batch 1750/5682 | Loss: 0.1784
Epoch 4/10 | Batch 1800/5682 | Loss: 0.1651
Epoch 4/10 | Batch 1850/5682 | Loss: 0.1244
Epoch 4/10 | Batch 1900/5682 | Loss: 0.2548
Epoch 4/10 | Batch 1950/5682 | Loss: 0.2182
Epoch 4/10 | Batch 2000/5682 | Loss: 0.2616
Epoch 4/10 | Batch 2050/5682 | Loss: 0.3053
Epoch 4/10 | Batch 2100/5682 | Loss: 0.2721
Epoch 4/10 | Batch 2150/5682 | Loss: 0.3621
Epoch 4/10 | Batch 2200/5682 | Loss: 0.2380
Epoch 4/10 | Batch 2250/5682 | Loss: 0.2699
Epoch 4/10 | Batch 2300/5682 | Loss: 0.1163
Epoch 4/10 | Batch 2350/5682 | Loss: 0.2698
Epoch 4/10 | Batch 2400/5682 | Loss: 0.2452
Epoch 4/10 | Batch 2450/5682 | Loss: 0.4299
Epoch 4/10 | Batch 2500/5682 | Loss: 0.2030
Epoch 4/10 | Batch 2550/5682 | Loss: 0.3227
Epoch 4/10 | Batch 2600/5682 | Loss: 0.1495
Epoch 4/10 | Batch 2650/5682 | Loss: 0.3160
Epoch 4/10 | Batch 2700/5682 | Loss: 0.1507
Epoch 4/10 | Batch 2750/5682 | Loss: 0.4639
Epoch 4/10 | Batch 2800/5682 | Loss: 0.1333
Epoch 4/10 | Batch 2850/5682 | Loss: 0.4249
Epoch 4/10 | Batch 2900/5682 | Loss: 0.3178
Epoch 4/10 | Batch 2950/5682 | Loss: 0.1928
Epoch 4/10 | Batch 3000/5682 | Loss: 0.0889
Epoch 4/10 | Batch 3050/5682 | Loss: 0.2258
Epoch 4/10 | Batch 3100/5682 | Loss: 0.2672
Epoch 4/10 | Batch 3150/5682 | Loss: 0.3382
Epoch 4/10 | Batch 3200/5682 | Loss: 0.3241
Epoch 4/10 | Batch 3250/5682 | Loss: 0.2146
Epoch 4/10 | Batch 3300/5682 | Loss: 0.1103
Epoch 4/10 | Batch 3350/5682 | Loss: 0.0544
Epoch 4/10 | Batch 3400/5682 | Loss: 0.2788
Epoch 4/10 | Batch 3450/5682 | Loss: 0.2468
Epoch 4/10 | Batch 3500/5682 | Loss: 0.1454
Epoch 4/10 | Batch 3550/5682 | Loss: 0.1937
Epoch 4/10 | Batch 3600/5682 | Loss: 0.1861
Epoch 4/10 | Batch 3650/5682 | Loss: 0.3317
Epoch 4/10 | Batch 3700/5682 | Loss: 0.4670
Epoch 4/10 | Batch 3750/5682 | Loss: 0.1296
Epoch 4/10 | Batch 3800/5682 | Loss: 0.1365
Epoch 4/10 | Batch 3850/5682 | Loss: 0.2584
Epoch 4/10 | Batch 3900/5682 | Loss: 0.5329
Epoch 4/10 | Batch 3950/5682 | Loss: 0.0920
Epoch 4/10 | Batch 4000/5682 | Loss: 0.0809
Epoch 4/10 | Batch 4050/5682 | Loss: 0.5687
Epoch 4/10 | Batch 4100/5682 | Loss: 0.2516
Epoch 4/10 | Batch 4150/5682 | Loss: 0.2648
Epoch 4/10 | Batch 4200/5682 | Loss: 0.1831
Epoch 4/10 | Batch 4250/5682 | Loss: 0.2014
Epoch 4/10 | Batch 4300/5682 | Loss: 0.2310
Epoch 4/10 | Batch 4350/5682 | Loss: 0.1331
Epoch 4/10 | Batch 4400/5682 | Loss: 0.1561
Epoch 4/10 | Batch 4450/5682 | Loss: 0.1720
Epoch 4/10 | Batch 4500/5682 | Loss: 0.3929
Epoch 4/10 | Batch 4550/5682 | Loss: 0.1299
Epoch 4/10 | Batch 4600/5682 | Loss: 0.2937
Epoch 4/10 | Batch 4650/5682 | Loss: 0.5714
Epoch 4/10 | Batch 4700/5682 | Loss: 0.4004
Epoch 4/10 | Batch 4750/5682 | Loss: 0.2824
Epoch 4/10 | Batch 4800/5682 | Loss: 0.3757
Epoch 4/10 | Batch 4850/5682 | Loss: 0.1035
Epoch 4/10 | Batch 4900/5682 | Loss: 0.3040
Epoch 4/10 | Batch 4950/5682 | Loss: 0.1000
Epoch 4/10 | Batch 5000/5682 | Loss: 0.1925
Epoch 4/10 | Batch 5050/5682 | Loss: 0.1060
Epoch 4/10 | Batch 5100/5682 | Loss: 0.3067
Epoch 4/10 | Batch 5150/5682 | Loss: 0.1378
Epoch 4/10 | Batch 5200/5682 | Loss: 0.4262
Epoch 4/10 | Batch 5250/5682 | Loss: 0.3171
Epoch 4/10 | Batch 5300/5682 | Loss: 0.2163
Epoch 4/10 | Batch 5350/5682 | Loss: 0.1751
Epoch 4/10 | Batch 5400/5682 | Loss: 0.2070
Epoch 4/10 | Batch 5450/5682 | Loss: 0.1932
Epoch 4/10 | Batch 5500/5682 | Loss: 0.1133
Epoch 4/10 | Batch 5550/5682 | Loss: 0.1897
Epoch 4/10 | Batch 5600/5682 | Loss: 0.1595
Epoch 4/10 | Batch 5650/5682 | Loss: 0.1824
=== Epoch 4 Complete ===
Train Loss (huber): 0.2307
Val Loss (huber):   0.5471
Val MSE:   2.0465 | Val RMSE: 1.4305 | Val MAE: 0.8727
Saved checkpoint to checkpoint.pth

Epoch 5/10 | Batch 50/5682 | Loss: 0.2447
Epoch 5/10 | Batch 100/5682 | Loss: 0.1053
Epoch 5/10 | Batch 150/5682 | Loss: 0.2410
Epoch 5/10 | Batch 200/5682 | Loss: 0.2264
Epoch 5/10 | Batch 250/5682 | Loss: 0.1316
Epoch 5/10 | Batch 300/5682 | Loss: 0.3313
Epoch 5/10 | Batch 350/5682 | Loss: 0.4032
Epoch 5/10 | Batch 400/5682 | Loss: 0.2712
Epoch 5/10 | Batch 450/5682 | Loss: 0.0612
Epoch 5/10 | Batch 500/5682 | Loss: 0.0984
Epoch 5/10 | Batch 550/5682 | Loss: 0.3162
Epoch 5/10 | Batch 600/5682 | Loss: 0.1901
Epoch 5/10 | Batch 650/5682 | Loss: 0.3740
Epoch 5/10 | Batch 700/5682 | Loss: 0.2009
Epoch 5/10 | Batch 750/5682 | Loss: 0.2796
Epoch 5/10 | Batch 800/5682 | Loss: 0.2060
Epoch 5/10 | Batch 850/5682 | Loss: 0.2716
Epoch 5/10 | Batch 900/5682 | Loss: 0.1804
Epoch 5/10 | Batch 950/5682 | Loss: 0.1612
Epoch 5/10 | Batch 1000/5682 | Loss: 0.1361
Epoch 5/10 | Batch 1050/5682 | Loss: 0.1474
Epoch 5/10 | Batch 1100/5682 | Loss: 0.1097
Epoch 5/10 | Batch 1150/5682 | Loss: 0.1279
Epoch 5/10 | Batch 1200/5682 | Loss: 0.0837
Epoch 5/10 | Batch 1250/5682 | Loss: 0.1277
Epoch 5/10 | Batch 1300/5682 | Loss: 0.1770
Epoch 5/10 | Batch 1350/5682 | Loss: 0.1306
Epoch 5/10 | Batch 1400/5682 | Loss: 0.1434
Epoch 5/10 | Batch 1450/5682 | Loss: 0.1438
Epoch 5/10 | Batch 1500/5682 | Loss: 0.0850
Epoch 5/10 | Batch 1550/5682 | Loss: 0.3042
Epoch 5/10 | Batch 1600/5682 | Loss: 0.1587
Epoch 5/10 | Batch 1650/5682 | Loss: 0.2628
Epoch 5/10 | Batch 1700/5682 | Loss: 0.1573
Epoch 5/10 | Batch 1750/5682 | Loss: 0.4296
Epoch 5/10 | Batch 1800/5682 | Loss: 0.1120
Epoch 5/10 | Batch 1850/5682 | Loss: 0.2136
Epoch 5/10 | Batch 1900/5682 | Loss: 0.0812
Epoch 5/10 | Batch 1950/5682 | Loss: 0.1195
Epoch 5/10 | Batch 2000/5682 | Loss: 0.2873
Epoch 5/10 | Batch 2050/5682 | Loss: 0.2269
Epoch 5/10 | Batch 2100/5682 | Loss: 0.1361
Epoch 5/10 | Batch 2150/5682 | Loss: 0.1864
Epoch 5/10 | Batch 2200/5682 | Loss: 0.1779
Epoch 5/10 | Batch 2250/5682 | Loss: 0.2279
Epoch 5/10 | Batch 2300/5682 | Loss: 0.2128
Epoch 5/10 | Batch 2350/5682 | Loss: 0.1357
Epoch 5/10 | Batch 2400/5682 | Loss: 0.3534
Epoch 5/10 | Batch 2450/5682 | Loss: 0.0780
Epoch 5/10 | Batch 2500/5682 | Loss: 0.1109
Epoch 5/10 | Batch 2550/5682 | Loss: 0.2858
Epoch 5/10 | Batch 2600/5682 | Loss: 0.1435
Epoch 5/10 | Batch 2650/5682 | Loss: 0.1124
Epoch 5/10 | Batch 2700/5682 | Loss: 0.2865
Epoch 5/10 | Batch 2750/5682 | Loss: 0.1910
Epoch 5/10 | Batch 2800/5682 | Loss: 0.1883
Epoch 5/10 | Batch 2850/5682 | Loss: 0.0999
Epoch 5/10 | Batch 2900/5682 | Loss: 0.1746
Epoch 5/10 | Batch 2950/5682 | Loss: 0.1062
Epoch 5/10 | Batch 3000/5682 | Loss: 0.2024
Epoch 5/10 | Batch 3050/5682 | Loss: 0.1842
Epoch 5/10 | Batch 3100/5682 | Loss: 0.1185
Epoch 5/10 | Batch 3150/5682 | Loss: 0.1269
Epoch 5/10 | Batch 3200/5682 | Loss: 0.4321
Epoch 5/10 | Batch 3250/5682 | Loss: 0.1523
Epoch 5/10 | Batch 3300/5682 | Loss: 0.1754
Epoch 5/10 | Batch 3350/5682 | Loss: 0.1269
Epoch 5/10 | Batch 3400/5682 | Loss: 0.1630
Epoch 5/10 | Batch 3450/5682 | Loss: 0.1214
Epoch 5/10 | Batch 3500/5682 | Loss: 0.0940
Epoch 5/10 | Batch 3550/5682 | Loss: 0.3351
Epoch 5/10 | Batch 3600/5682 | Loss: 0.1066
Epoch 5/10 | Batch 3650/5682 | Loss: 0.1703
Epoch 5/10 | Batch 3700/5682 | Loss: 0.3201
Epoch 5/10 | Batch 3750/5682 | Loss: 0.3353
Epoch 5/10 | Batch 3800/5682 | Loss: 0.0930
Epoch 5/10 | Batch 3850/5682 | Loss: 0.2957
Epoch 5/10 | Batch 3900/5682 | Loss: 0.1397
Epoch 5/10 | Batch 3950/5682 | Loss: 0.1842
Epoch 5/10 | Batch 4000/5682 | Loss: 0.2274
Epoch 5/10 | Batch 4050/5682 | Loss: 0.2350
Epoch 5/10 | Batch 4100/5682 | Loss: 0.0579
Epoch 5/10 | Batch 4150/5682 | Loss: 0.1131
Epoch 5/10 | Batch 4200/5682 | Loss: 0.2988
Epoch 5/10 | Batch 4250/5682 | Loss: 0.1502
Epoch 5/10 | Batch 4300/5682 | Loss: 0.1350
Epoch 5/10 | Batch 4350/5682 | Loss: 0.1631
Epoch 5/10 | Batch 4400/5682 | Loss: 0.1792
Epoch 5/10 | Batch 4450/5682 | Loss: 0.0522
Epoch 5/10 | Batch 4500/5682 | Loss: 0.0622
Epoch 5/10 | Batch 4550/5682 | Loss: 0.0645
Epoch 5/10 | Batch 4600/5682 | Loss: 0.0778
Epoch 5/10 | Batch 4650/5682 | Loss: 0.1999
Epoch 5/10 | Batch 4700/5682 | Loss: 0.1441
Epoch 5/10 | Batch 4750/5682 | Loss: 0.2715
Epoch 5/10 | Batch 4800/5682 | Loss: 0.1129
Epoch 5/10 | Batch 4850/5682 | Loss: 0.3477
Epoch 5/10 | Batch 4900/5682 | Loss: 0.0981
Epoch 5/10 | Batch 4950/5682 | Loss: 0.1959
Epoch 5/10 | Batch 5000/5682 | Loss: 0.3524
Epoch 5/10 | Batch 5050/5682 | Loss: 0.2090
Epoch 5/10 | Batch 5100/5682 | Loss: 0.2044
Epoch 5/10 | Batch 5150/5682 | Loss: 0.1183
Epoch 5/10 | Batch 5200/5682 | Loss: 0.1421
Epoch 5/10 | Batch 5250/5682 | Loss: 0.1684
Epoch 5/10 | Batch 5300/5682 | Loss: 0.1560
Epoch 5/10 | Batch 5350/5682 | Loss: 0.1271
Epoch 5/10 | Batch 5400/5682 | Loss: 0.1738
Epoch 5/10 | Batch 5450/5682 | Loss: 0.1169
Epoch 5/10 | Batch 5500/5682 | Loss: 0.1169
Epoch 5/10 | Batch 5550/5682 | Loss: 0.2607
Epoch 5/10 | Batch 5600/5682 | Loss: 0.2509
Epoch 5/10 | Batch 5650/5682 | Loss: 0.1957
=== Epoch 5 Complete ===
Train Loss (huber): 0.1841
Val Loss (huber):   0.5390
Val MSE:   1.9550 | Val RMSE: 1.3982 | Val MAE: 0.8654
Saved checkpoint to checkpoint.pth

Epoch 6/10 | Batch 50/5682 | Loss: 0.1402
Epoch 6/10 | Batch 100/5682 | Loss: 0.1051
Epoch 6/10 | Batch 150/5682 | Loss: 0.0885
Epoch 6/10 | Batch 200/5682 | Loss: 0.2182
Epoch 6/10 | Batch 250/5682 | Loss: 0.1302
Epoch 6/10 | Batch 300/5682 | Loss: 0.1478
Epoch 6/10 | Batch 350/5682 | Loss: 0.0871
Epoch 6/10 | Batch 400/5682 | Loss: 0.1398
Epoch 6/10 | Batch 450/5682 | Loss: 0.0831
Epoch 6/10 | Batch 500/5682 | Loss: 0.0811
Epoch 6/10 | Batch 550/5682 | Loss: 0.2245
Epoch 6/10 | Batch 600/5682 | Loss: 0.2590
Epoch 6/10 | Batch 650/5682 | Loss: 0.0624
Epoch 6/10 | Batch 700/5682 | Loss: 0.1044
Epoch 6/10 | Batch 750/5682 | Loss: 0.2309
Epoch 6/10 | Batch 800/5682 | Loss: 0.1030
Epoch 6/10 | Batch 850/5682 | Loss: 0.0522
Epoch 6/10 | Batch 900/5682 | Loss: 0.1392
Epoch 6/10 | Batch 950/5682 | Loss: 0.1870
Epoch 6/10 | Batch 1000/5682 | Loss: 0.1705
Epoch 6/10 | Batch 1050/5682 | Loss: 0.3184
Epoch 6/10 | Batch 1100/5682 | Loss: 0.1026
Epoch 6/10 | Batch 1150/5682 | Loss: 0.1229
Epoch 6/10 | Batch 1200/5682 | Loss: 0.1422
Epoch 6/10 | Batch 1250/5682 | Loss: 0.0542
Epoch 6/10 | Batch 1300/5682 | Loss: 0.0588
Epoch 6/10 | Batch 1350/5682 | Loss: 0.1180
Epoch 6/10 | Batch 1400/5682 | Loss: 0.1993
Epoch 6/10 | Batch 1450/5682 | Loss: 0.1506
Epoch 6/10 | Batch 1500/5682 | Loss: 0.0909
Epoch 6/10 | Batch 1550/5682 | Loss: 0.0714
Epoch 6/10 | Batch 1600/5682 | Loss: 0.1319
Epoch 6/10 | Batch 1650/5682 | Loss: 0.2359
Epoch 6/10 | Batch 1700/5682 | Loss: 0.0489
Epoch 6/10 | Batch 1750/5682 | Loss: 0.1253
Epoch 6/10 | Batch 1800/5682 | Loss: 0.0571
Epoch 6/10 | Batch 1850/5682 | Loss: 0.1485
Epoch 6/10 | Batch 1900/5682 | Loss: 0.1081
Epoch 6/10 | Batch 1950/5682 | Loss: 0.1458
Epoch 6/10 | Batch 2000/5682 | Loss: 0.1172
Epoch 6/10 | Batch 2050/5682 | Loss: 0.1181
Epoch 6/10 | Batch 2100/5682 | Loss: 0.1635
Epoch 6/10 | Batch 2150/5682 | Loss: 0.1020
Epoch 6/10 | Batch 2200/5682 | Loss: 0.0893
Epoch 6/10 | Batch 2250/5682 | Loss: 0.1997
Epoch 6/10 | Batch 2300/5682 | Loss: 0.2310
Epoch 6/10 | Batch 2350/5682 | Loss: 0.0369
Epoch 6/10 | Batch 2400/5682 | Loss: 0.2782
Epoch 6/10 | Batch 2450/5682 | Loss: 0.2815
Epoch 6/10 | Batch 2500/5682 | Loss: 0.1188
Epoch 6/10 | Batch 2550/5682 | Loss: 0.0701
Epoch 6/10 | Batch 2600/5682 | Loss: 0.1277
Epoch 6/10 | Batch 2650/5682 | Loss: 0.1878
Epoch 6/10 | Batch 2700/5682 | Loss: 0.1053
Epoch 6/10 | Batch 2750/5682 | Loss: 0.2288
Epoch 6/10 | Batch 2800/5682 | Loss: 0.2102
Epoch 6/10 | Batch 2850/5682 | Loss: 0.1840
Epoch 6/10 | Batch 2900/5682 | Loss: 0.1863
Epoch 6/10 | Batch 2950/5682 | Loss: 0.1054
Epoch 6/10 | Batch 3000/5682 | Loss: 0.3311
Epoch 6/10 | Batch 3050/5682 | Loss: 0.0575
Epoch 6/10 | Batch 3100/5682 | Loss: 0.1499
Epoch 6/10 | Batch 3150/5682 | Loss: 0.0879
Epoch 6/10 | Batch 3200/5682 | Loss: 0.1381
Epoch 6/10 | Batch 3250/5682 | Loss: 0.2020
Epoch 6/10 | Batch 3300/5682 | Loss: 0.4119
Epoch 6/10 | Batch 3350/5682 | Loss: 0.2684
Epoch 6/10 | Batch 3400/5682 | Loss: 0.2087
Epoch 6/10 | Batch 3450/5682 | Loss: 0.0708
Epoch 6/10 | Batch 3500/5682 | Loss: 0.0844
Epoch 6/10 | Batch 3550/5682 | Loss: 0.0566
Epoch 6/10 | Batch 3600/5682 | Loss: 0.2521
Epoch 6/10 | Batch 3650/5682 | Loss: 0.3434
Epoch 6/10 | Batch 3700/5682 | Loss: 0.0599
Epoch 6/10 | Batch 3750/5682 | Loss: 0.0675
Epoch 6/10 | Batch 3800/5682 | Loss: 0.2880
Epoch 6/10 | Batch 3850/5682 | Loss: 0.1733
Epoch 6/10 | Batch 3900/5682 | Loss: 0.1906
Epoch 6/10 | Batch 3950/5682 | Loss: 0.0365
Epoch 6/10 | Batch 4000/5682 | Loss: 0.3673
Epoch 6/10 | Batch 4050/5682 | Loss: 0.0860
Epoch 6/10 | Batch 4100/5682 | Loss: 0.1632
Epoch 6/10 | Batch 4150/5682 | Loss: 0.2557
Epoch 6/10 | Batch 4200/5682 | Loss: 0.0689
Epoch 6/10 | Batch 4250/5682 | Loss: 0.1280
Epoch 6/10 | Batch 4300/5682 | Loss: 0.1417
Epoch 6/10 | Batch 4350/5682 | Loss: 0.1119
Epoch 6/10 | Batch 4400/5682 | Loss: 0.2067
Epoch 6/10 | Batch 4450/5682 | Loss: 0.1352
Epoch 6/10 | Batch 4500/5682 | Loss: 0.1316
Epoch 6/10 | Batch 4550/5682 | Loss: 0.1278
Epoch 6/10 | Batch 4600/5682 | Loss: 0.1826
Epoch 6/10 | Batch 4650/5682 | Loss: 0.1598
Epoch 6/10 | Batch 4700/5682 | Loss: 0.2574
Epoch 6/10 | Batch 4750/5682 | Loss: 0.1026
Epoch 6/10 | Batch 4800/5682 | Loss: 0.0976
Epoch 6/10 | Batch 4850/5682 | Loss: 0.1356
Epoch 6/10 | Batch 4900/5682 | Loss: 0.1140
Epoch 6/10 | Batch 4950/5682 | Loss: 0.0939
Epoch 6/10 | Batch 5000/5682 | Loss: 0.1128
Epoch 6/10 | Batch 5050/5682 | Loss: 0.0940
Epoch 6/10 | Batch 5100/5682 | Loss: 0.2470
Epoch 6/10 | Batch 5150/5682 | Loss: 0.1664
Epoch 6/10 | Batch 5200/5682 | Loss: 0.1500
Epoch 6/10 | Batch 5250/5682 | Loss: 0.2432
Epoch 6/10 | Batch 5300/5682 | Loss: 0.2068
Epoch 6/10 | Batch 5350/5682 | Loss: 0.0807
Epoch 6/10 | Batch 5400/5682 | Loss: 0.1935
Epoch 6/10 | Batch 5450/5682 | Loss: 0.0622
Epoch 6/10 | Batch 5500/5682 | Loss: 0.3190
Epoch 6/10 | Batch 5550/5682 | Loss: 0.0773
Epoch 6/10 | Batch 5600/5682 | Loss: 0.0553
Epoch 6/10 | Batch 5650/5682 | Loss: 0.1332
=== Epoch 6 Complete ===
Train Loss (huber): 0.1513
Val Loss (huber):   0.5423
Val MSE:   1.9865 | Val RMSE: 1.4094 | Val MAE: 0.8691
Saved checkpoint to checkpoint.pth

Epoch 7/10 | Batch 50/5682 | Loss: 0.2198
Epoch 7/10 | Batch 100/5682 | Loss: 0.0682
Epoch 7/10 | Batch 150/5682 | Loss: 0.0700
Epoch 7/10 | Batch 200/5682 | Loss: 0.1938
Epoch 7/10 | Batch 250/5682 | Loss: 0.1615
Epoch 7/10 | Batch 300/5682 | Loss: 0.0960
Epoch 7/10 | Batch 350/5682 | Loss: 0.0663
Epoch 7/10 | Batch 400/5682 | Loss: 0.0685
Epoch 7/10 | Batch 450/5682 | Loss: 0.0839
Epoch 7/10 | Batch 500/5682 | Loss: 0.0733
Epoch 7/10 | Batch 550/5682 | Loss: 0.1007
Epoch 7/10 | Batch 600/5682 | Loss: 0.0682
Epoch 7/10 | Batch 650/5682 | Loss: 0.1326
Epoch 7/10 | Batch 700/5682 | Loss: 0.0847
Epoch 7/10 | Batch 750/5682 | Loss: 0.0663
Epoch 7/10 | Batch 800/5682 | Loss: 0.0530
Epoch 7/10 | Batch 850/5682 | Loss: 0.0794
Epoch 7/10 | Batch 900/5682 | Loss: 0.1114
Epoch 7/10 | Batch 950/5682 | Loss: 0.0597
Epoch 7/10 | Batch 1000/5682 | Loss: 0.2199
Epoch 7/10 | Batch 1050/5682 | Loss: 0.0786
Epoch 7/10 | Batch 1100/5682 | Loss: 0.1100
Epoch 7/10 | Batch 1150/5682 | Loss: 0.0620
Epoch 7/10 | Batch 1200/5682 | Loss: 0.1377
Epoch 7/10 | Batch 1250/5682 | Loss: 0.1143
Epoch 7/10 | Batch 1300/5682 | Loss: 0.0517
Epoch 7/10 | Batch 1350/5682 | Loss: 0.1343
Epoch 7/10 | Batch 1400/5682 | Loss: 0.0617
Epoch 7/10 | Batch 1450/5682 | Loss: 0.0936
Epoch 7/10 | Batch 1500/5682 | Loss: 0.1470
Epoch 7/10 | Batch 1550/5682 | Loss: 0.1444
Epoch 7/10 | Batch 1600/5682 | Loss: 0.1141
Epoch 7/10 | Batch 1650/5682 | Loss: 0.0669
Epoch 7/10 | Batch 1700/5682 | Loss: 0.1141
Epoch 7/10 | Batch 1750/5682 | Loss: 0.0853
Epoch 7/10 | Batch 1800/5682 | Loss: 0.1068
Epoch 7/10 | Batch 1850/5682 | Loss: 0.1356
Epoch 7/10 | Batch 1900/5682 | Loss: 0.2668
Epoch 7/10 | Batch 1950/5682 | Loss: 0.0857
Epoch 7/10 | Batch 2000/5682 | Loss: 0.2211
Epoch 7/10 | Batch 2050/5682 | Loss: 0.2109
Epoch 7/10 | Batch 2100/5682 | Loss: 0.2443
Epoch 7/10 | Batch 2150/5682 | Loss: 0.1745
Epoch 7/10 | Batch 2200/5682 | Loss: 0.0404
Epoch 7/10 | Batch 2250/5682 | Loss: 0.1639
Epoch 7/10 | Batch 2300/5682 | Loss: 0.2512
Epoch 7/10 | Batch 2350/5682 | Loss: 0.0794
Epoch 7/10 | Batch 2400/5682 | Loss: 0.2158
Epoch 7/10 | Batch 2450/5682 | Loss: 0.1486
Epoch 7/10 | Batch 2500/5682 | Loss: 0.0556
Epoch 7/10 | Batch 2550/5682 | Loss: 0.1232
Epoch 7/10 | Batch 2600/5682 | Loss: 0.0491
Epoch 7/10 | Batch 2650/5682 | Loss: 0.0833
Epoch 7/10 | Batch 2700/5682 | Loss: 0.0814
Epoch 7/10 | Batch 2750/5682 | Loss: 0.1081
Epoch 7/10 | Batch 2800/5682 | Loss: 0.1424
Epoch 7/10 | Batch 2850/5682 | Loss: 0.0763
Epoch 7/10 | Batch 2900/5682 | Loss: 0.0943
Epoch 7/10 | Batch 2950/5682 | Loss: 0.1243
Epoch 7/10 | Batch 3000/5682 | Loss: 0.1368
Epoch 7/10 | Batch 3050/5682 | Loss: 0.1397
Epoch 7/10 | Batch 3100/5682 | Loss: 0.0427
Epoch 7/10 | Batch 3150/5682 | Loss: 0.1127
Epoch 7/10 | Batch 3200/5682 | Loss: 0.1722
Epoch 7/10 | Batch 3250/5682 | Loss: 0.2970
Epoch 7/10 | Batch 3300/5682 | Loss: 0.1270
Epoch 7/10 | Batch 3350/5682 | Loss: 0.0846
Epoch 7/10 | Batch 3400/5682 | Loss: 0.1892
Epoch 7/10 | Batch 3450/5682 | Loss: 0.0806
Epoch 7/10 | Batch 3500/5682 | Loss: 0.2583
Epoch 7/10 | Batch 3550/5682 | Loss: 0.0906
Epoch 7/10 | Batch 3600/5682 | Loss: 0.1561
Epoch 7/10 | Batch 3650/5682 | Loss: 0.2376
Epoch 7/10 | Batch 3700/5682 | Loss: 0.1044
Epoch 7/10 | Batch 3750/5682 | Loss: 0.0701
Epoch 7/10 | Batch 3800/5682 | Loss: 0.2705
Epoch 7/10 | Batch 3850/5682 | Loss: 0.0841
Epoch 7/10 | Batch 3900/5682 | Loss: 0.0968
Epoch 7/10 | Batch 3950/5682 | Loss: 0.1504
Epoch 7/10 | Batch 4000/5682 | Loss: 0.1610
Epoch 7/10 | Batch 4050/5682 | Loss: 0.1242
Epoch 7/10 | Batch 4100/5682 | Loss: 0.0669
Epoch 7/10 | Batch 4150/5682 | Loss: 0.3834
Epoch 7/10 | Batch 4200/5682 | Loss: 0.2035
Epoch 7/10 | Batch 4250/5682 | Loss: 0.0641
Epoch 7/10 | Batch 4300/5682 | Loss: 0.0761
Epoch 7/10 | Batch 4350/5682 | Loss: 0.0439
Epoch 7/10 | Batch 4400/5682 | Loss: 0.1180
Epoch 7/10 | Batch 4450/5682 | Loss: 0.0643
Epoch 7/10 | Batch 4500/5682 | Loss: 0.0716
Epoch 7/10 | Batch 4550/5682 | Loss: 0.0501
Epoch 7/10 | Batch 4600/5682 | Loss: 0.2408
Epoch 7/10 | Batch 4650/5682 | Loss: 0.1017
Epoch 7/10 | Batch 4700/5682 | Loss: 0.3104
Epoch 7/10 | Batch 4750/5682 | Loss: 0.1485
Epoch 7/10 | Batch 4800/5682 | Loss: 0.0727
Epoch 7/10 | Batch 4850/5682 | Loss: 0.1725
Epoch 7/10 | Batch 4900/5682 | Loss: 0.0976
Epoch 7/10 | Batch 4950/5682 | Loss: 0.0366
Epoch 7/10 | Batch 5000/5682 | Loss: 0.0944
Epoch 7/10 | Batch 5050/5682 | Loss: 0.0834
Epoch 7/10 | Batch 5100/5682 | Loss: 0.0637
Epoch 7/10 | Batch 5150/5682 | Loss: 0.1106
Epoch 7/10 | Batch 5200/5682 | Loss: 0.1089
Epoch 7/10 | Batch 5250/5682 | Loss: 0.1117
Epoch 7/10 | Batch 5300/5682 | Loss: 0.1162
Epoch 7/10 | Batch 5350/5682 | Loss: 0.1697
Epoch 7/10 | Batch 5400/5682 | Loss: 0.1939
Epoch 7/10 | Batch 5450/5682 | Loss: 0.0707
Epoch 7/10 | Batch 5500/5682 | Loss: 0.0788
Epoch 7/10 | Batch 5550/5682 | Loss: 0.1721
Epoch 7/10 | Batch 5600/5682 | Loss: 0.1029
Epoch 7/10 | Batch 5650/5682 | Loss: 0.0603
=== Epoch 7 Complete ===
Train Loss (huber): 0.1254
Val Loss (huber):   0.5344
Val MSE:   1.9662 | Val RMSE: 1.4022 | Val MAE: 0.8582
Saved checkpoint to checkpoint.pth

Epoch 8/10 | Batch 50/5682 | Loss: 0.0665
Epoch 8/10 | Batch 100/5682 | Loss: 0.0638
Epoch 8/10 | Batch 150/5682 | Loss: 0.0500
Epoch 8/10 | Batch 200/5682 | Loss: 0.2509
Epoch 8/10 | Batch 250/5682 | Loss: 0.0542
Epoch 8/10 | Batch 300/5682 | Loss: 0.1104
Epoch 8/10 | Batch 350/5682 | Loss: 0.1858
Epoch 8/10 | Batch 400/5682 | Loss: 0.1192
Epoch 8/10 | Batch 450/5682 | Loss: 0.0633
Epoch 8/10 | Batch 500/5682 | Loss: 0.0477
Epoch 8/10 | Batch 550/5682 | Loss: 0.1241
Epoch 8/10 | Batch 600/5682 | Loss: 0.0786
Epoch 8/10 | Batch 650/5682 | Loss: 0.1263
Epoch 8/10 | Batch 700/5682 | Loss: 0.0385
Epoch 8/10 | Batch 750/5682 | Loss: 0.0816
Epoch 8/10 | Batch 800/5682 | Loss: 0.0495
Epoch 8/10 | Batch 850/5682 | Loss: 0.1252
Epoch 8/10 | Batch 900/5682 | Loss: 0.0445
Epoch 8/10 | Batch 950/5682 | Loss: 0.1743
Epoch 8/10 | Batch 1000/5682 | Loss: 0.2469
Epoch 8/10 | Batch 1050/5682 | Loss: 0.0918
Epoch 8/10 | Batch 1100/5682 | Loss: 0.0517
Epoch 8/10 | Batch 1150/5682 | Loss: 0.0931
Epoch 8/10 | Batch 1200/5682 | Loss: 0.2775
Epoch 8/10 | Batch 1250/5682 | Loss: 0.0992
Epoch 8/10 | Batch 1300/5682 | Loss: 0.0622
Epoch 8/10 | Batch 1350/5682 | Loss: 0.1572
Epoch 8/10 | Batch 1400/5682 | Loss: 0.2021
Epoch 8/10 | Batch 1450/5682 | Loss: 0.1468
Epoch 8/10 | Batch 1500/5682 | Loss: 0.0976
Epoch 8/10 | Batch 1550/5682 | Loss: 0.0857
Epoch 8/10 | Batch 1600/5682 | Loss: 0.2043
Epoch 8/10 | Batch 1650/5682 | Loss: 0.1369
Epoch 8/10 | Batch 1700/5682 | Loss: 0.1542
Epoch 8/10 | Batch 1750/5682 | Loss: 0.0792
Epoch 8/10 | Batch 1800/5682 | Loss: 0.1402
Epoch 8/10 | Batch 1850/5682 | Loss: 0.1861
Epoch 8/10 | Batch 1900/5682 | Loss: 0.0593
Epoch 8/10 | Batch 1950/5682 | Loss: 0.2125
Epoch 8/10 | Batch 2000/5682 | Loss: 0.0733
Epoch 8/10 | Batch 2050/5682 | Loss: 0.0782
Epoch 8/10 | Batch 2100/5682 | Loss: 0.0305
Epoch 8/10 | Batch 2150/5682 | Loss: 0.0567
Epoch 8/10 | Batch 2200/5682 | Loss: 0.2781
Epoch 8/10 | Batch 2250/5682 | Loss: 0.2104
Epoch 8/10 | Batch 2300/5682 | Loss: 0.1185
Epoch 8/10 | Batch 2350/5682 | Loss: 0.0513
Epoch 8/10 | Batch 2400/5682 | Loss: 0.0552
Epoch 8/10 | Batch 2450/5682 | Loss: 0.1095
Epoch 8/10 | Batch 2500/5682 | Loss: 0.0736
Epoch 8/10 | Batch 2550/5682 | Loss: 0.2406
Epoch 8/10 | Batch 2600/5682 | Loss: 0.1385
Epoch 8/10 | Batch 2650/5682 | Loss: 0.0798
Epoch 8/10 | Batch 2700/5682 | Loss: 0.0781
Epoch 8/10 | Batch 2750/5682 | Loss: 0.0688
Epoch 8/10 | Batch 2800/5682 | Loss: 0.0486
Epoch 8/10 | Batch 2850/5682 | Loss: 0.0507
Epoch 8/10 | Batch 2900/5682 | Loss: 0.1331
Epoch 8/10 | Batch 2950/5682 | Loss: 0.1175
Epoch 8/10 | Batch 3000/5682 | Loss: 0.0544
Epoch 8/10 | Batch 3050/5682 | Loss: 0.1549
Epoch 8/10 | Batch 3100/5682 | Loss: 0.0931
Epoch 8/10 | Batch 3150/5682 | Loss: 0.0322
Epoch 8/10 | Batch 3200/5682 | Loss: 0.0835
Epoch 8/10 | Batch 3250/5682 | Loss: 0.0493
Epoch 8/10 | Batch 3300/5682 | Loss: 0.0514
Epoch 8/10 | Batch 3350/5682 | Loss: 0.0567
Epoch 8/10 | Batch 3400/5682 | Loss: 0.1662
Epoch 8/10 | Batch 3450/5682 | Loss: 0.0304
Epoch 8/10 | Batch 3500/5682 | Loss: 0.0990
Epoch 8/10 | Batch 3550/5682 | Loss: 0.0780
Epoch 8/10 | Batch 3600/5682 | Loss: 0.0895
Epoch 8/10 | Batch 3650/5682 | Loss: 0.1060
Epoch 8/10 | Batch 3700/5682 | Loss: 0.0959
Epoch 8/10 | Batch 3750/5682 | Loss: 0.1322
Epoch 8/10 | Batch 3800/5682 | Loss: 0.2011
Epoch 8/10 | Batch 3850/5682 | Loss: 0.2163
Epoch 8/10 | Batch 3900/5682 | Loss: 0.0747
Epoch 8/10 | Batch 3950/5682 | Loss: 0.0928
Epoch 8/10 | Batch 4000/5682 | Loss: 0.0618
Epoch 8/10 | Batch 4050/5682 | Loss: 0.0874
Epoch 8/10 | Batch 4100/5682 | Loss: 0.2358
Epoch 8/10 | Batch 4150/5682 | Loss: 0.0608
Epoch 8/10 | Batch 4200/5682 | Loss: 0.1206
Epoch 8/10 | Batch 4250/5682 | Loss: 0.0525
Epoch 8/10 | Batch 4300/5682 | Loss: 0.0918
Epoch 8/10 | Batch 4350/5682 | Loss: 0.0908
Epoch 8/10 | Batch 4400/5682 | Loss: 0.0723
Epoch 8/10 | Batch 4450/5682 | Loss: 0.2439
Epoch 8/10 | Batch 4500/5682 | Loss: 0.2011
Epoch 8/10 | Batch 4550/5682 | Loss: 0.1652
Epoch 8/10 | Batch 4600/5682 | Loss: 0.0867
Epoch 8/10 | Batch 4650/5682 | Loss: 0.1139
Epoch 8/10 | Batch 4700/5682 | Loss: 0.1508
Epoch 8/10 | Batch 4750/5682 | Loss: 0.0967
Epoch 8/10 | Batch 4800/5682 | Loss: 0.2031
Epoch 8/10 | Batch 4850/5682 | Loss: 0.0819
Epoch 8/10 | Batch 4900/5682 | Loss: 0.0306
Epoch 8/10 | Batch 4950/5682 | Loss: 0.0830
Epoch 8/10 | Batch 5000/5682 | Loss: 0.1449
Epoch 8/10 | Batch 5050/5682 | Loss: 0.1763
Epoch 8/10 | Batch 5100/5682 | Loss: 0.2845
Epoch 8/10 | Batch 5150/5682 | Loss: 0.1008
Epoch 8/10 | Batch 5200/5682 | Loss: 0.0810
Epoch 8/10 | Batch 5250/5682 | Loss: 0.0922
Epoch 8/10 | Batch 5300/5682 | Loss: 0.1043
Epoch 8/10 | Batch 5350/5682 | Loss: 0.0450
Epoch 8/10 | Batch 5400/5682 | Loss: 0.1117
Epoch 8/10 | Batch 5450/5682 | Loss: 0.0874
Epoch 8/10 | Batch 5500/5682 | Loss: 0.1570
Epoch 8/10 | Batch 5550/5682 | Loss: 0.1183
Epoch 8/10 | Batch 5600/5682 | Loss: 0.0954
Epoch 8/10 | Batch 5650/5682 | Loss: 0.1299
=== Epoch 8 Complete ===
Train Loss (huber): 0.1056
Val Loss (huber):   0.5410
Val MSE:   2.0129 | Val RMSE: 1.4188 | Val MAE: 0.8636
Saved checkpoint to checkpoint.pth

Epoch 9/10 | Batch 50/5682 | Loss: 0.0970
Epoch 9/10 | Batch 100/5682 | Loss: 0.1195
Epoch 9/10 | Batch 150/5682 | Loss: 0.0581
Epoch 9/10 | Batch 200/5682 | Loss: 0.0574
Epoch 9/10 | Batch 250/5682 | Loss: 0.1314
Epoch 9/10 | Batch 300/5682 | Loss: 0.0565
Epoch 9/10 | Batch 350/5682 | Loss: 0.0440
Epoch 9/10 | Batch 400/5682 | Loss: 0.0496
Epoch 9/10 | Batch 450/5682 | Loss: 0.1281
Epoch 9/10 | Batch 500/5682 | Loss: 0.1649
Epoch 9/10 | Batch 550/5682 | Loss: 0.1219
Epoch 9/10 | Batch 600/5682 | Loss: 0.0827
Epoch 9/10 | Batch 650/5682 | Loss: 0.0773
Epoch 9/10 | Batch 700/5682 | Loss: 0.1860
Epoch 9/10 | Batch 750/5682 | Loss: 0.1607
Epoch 9/10 | Batch 800/5682 | Loss: 0.1178
Epoch 9/10 | Batch 850/5682 | Loss: 0.0850
Epoch 9/10 | Batch 900/5682 | Loss: 0.0943
Epoch 9/10 | Batch 950/5682 | Loss: 0.0670
Epoch 9/10 | Batch 1000/5682 | Loss: 0.0484
Epoch 9/10 | Batch 1050/5682 | Loss: 0.1000
Epoch 9/10 | Batch 1100/5682 | Loss: 0.0539
Epoch 9/10 | Batch 1150/5682 | Loss: 0.0817
Epoch 9/10 | Batch 1200/5682 | Loss: 0.0844
Epoch 9/10 | Batch 1250/5682 | Loss: 0.0405
Epoch 9/10 | Batch 1300/5682 | Loss: 0.2525
Epoch 9/10 | Batch 1350/5682 | Loss: 0.1439
Epoch 9/10 | Batch 1400/5682 | Loss: 0.0877
Epoch 9/10 | Batch 1450/5682 | Loss: 0.1396
Epoch 9/10 | Batch 1500/5682 | Loss: 0.0680
Epoch 9/10 | Batch 1550/5682 | Loss: 0.0444
Epoch 9/10 | Batch 1600/5682 | Loss: 0.0599
Epoch 9/10 | Batch 1650/5682 | Loss: 0.0453
Epoch 9/10 | Batch 1700/5682 | Loss: 0.2376
Epoch 9/10 | Batch 1750/5682 | Loss: 0.2377
Epoch 9/10 | Batch 1800/5682 | Loss: 0.0607
Epoch 9/10 | Batch 1850/5682 | Loss: 0.0792
Epoch 9/10 | Batch 1900/5682 | Loss: 0.0984
Epoch 9/10 | Batch 1950/5682 | Loss: 0.2222
Epoch 9/10 | Batch 2000/5682 | Loss: 0.0889
Epoch 9/10 | Batch 2050/5682 | Loss: 0.0558
Epoch 9/10 | Batch 2100/5682 | Loss: 0.0862
Epoch 9/10 | Batch 2150/5682 | Loss: 0.0526
Epoch 9/10 | Batch 2200/5682 | Loss: 0.0805
Epoch 9/10 | Batch 2250/5682 | Loss: 0.0517
Epoch 9/10 | Batch 2300/5682 | Loss: 0.0666
Epoch 9/10 | Batch 2350/5682 | Loss: 0.0905
Epoch 9/10 | Batch 2400/5682 | Loss: 0.2527
Epoch 9/10 | Batch 2450/5682 | Loss: 0.0609
Epoch 9/10 | Batch 2500/5682 | Loss: 0.1081
Epoch 9/10 | Batch 2550/5682 | Loss: 0.1331
Epoch 9/10 | Batch 2600/5682 | Loss: 0.0786
Epoch 9/10 | Batch 2650/5682 | Loss: 0.1254
Epoch 9/10 | Batch 2700/5682 | Loss: 0.1578
Epoch 9/10 | Batch 2750/5682 | Loss: 0.0846
Epoch 9/10 | Batch 2800/5682 | Loss: 0.0875
Epoch 9/10 | Batch 2850/5682 | Loss: 0.0619
Epoch 9/10 | Batch 2900/5682 | Loss: 0.1827
Epoch 9/10 | Batch 2950/5682 | Loss: 0.1109
Epoch 9/10 | Batch 3000/5682 | Loss: 0.0982
Epoch 9/10 | Batch 3050/5682 | Loss: 0.0834
Epoch 9/10 | Batch 3100/5682 | Loss: 0.0668
Epoch 9/10 | Batch 3150/5682 | Loss: 0.2444
Epoch 9/10 | Batch 3200/5682 | Loss: 0.0921
Epoch 9/10 | Batch 3250/5682 | Loss: 0.2333
Epoch 9/10 | Batch 3300/5682 | Loss: 0.0457
Epoch 9/10 | Batch 3350/5682 | Loss: 0.2842
Epoch 9/10 | Batch 3400/5682 | Loss: 0.0361
Epoch 9/10 | Batch 3450/5682 | Loss: 0.2472
Epoch 9/10 | Batch 3500/5682 | Loss: 0.0932
Epoch 9/10 | Batch 3550/5682 | Loss: 0.1571
Epoch 9/10 | Batch 3600/5682 | Loss: 0.0665
Epoch 9/10 | Batch 3650/5682 | Loss: 0.0719
Epoch 9/10 | Batch 3700/5682 | Loss: 0.1329
Epoch 9/10 | Batch 3750/5682 | Loss: 0.1334
Epoch 9/10 | Batch 3800/5682 | Loss: 0.2181
Epoch 9/10 | Batch 3850/5682 | Loss: 0.0483
Epoch 9/10 | Batch 3900/5682 | Loss: 0.0569
Epoch 9/10 | Batch 3950/5682 | Loss: 0.0615
Epoch 9/10 | Batch 4000/5682 | Loss: 0.1286
Epoch 9/10 | Batch 4050/5682 | Loss: 0.0912
Epoch 9/10 | Batch 4100/5682 | Loss: 0.0867
Epoch 9/10 | Batch 4150/5682 | Loss: 0.1211
Epoch 9/10 | Batch 4200/5682 | Loss: 0.0532
Epoch 9/10 | Batch 4250/5682 | Loss: 0.0450
Epoch 9/10 | Batch 4300/5682 | Loss: 0.0877
Epoch 9/10 | Batch 4350/5682 | Loss: 0.0679
Epoch 9/10 | Batch 4400/5682 | Loss: 0.1522
Epoch 9/10 | Batch 4450/5682 | Loss: 0.0575
Epoch 9/10 | Batch 4500/5682 | Loss: 0.0841
Epoch 9/10 | Batch 4550/5682 | Loss: 0.0539
Epoch 9/10 | Batch 4600/5682 | Loss: 0.1263
Epoch 9/10 | Batch 4650/5682 | Loss: 0.1221
Epoch 9/10 | Batch 4700/5682 | Loss: 0.1250
Epoch 9/10 | Batch 4750/5682 | Loss: 0.1193
Epoch 9/10 | Batch 4800/5682 | Loss: 0.0748
Epoch 9/10 | Batch 4850/5682 | Loss: 0.2213
Epoch 9/10 | Batch 4900/5682 | Loss: 0.0704
Epoch 9/10 | Batch 4950/5682 | Loss: 0.0606
Epoch 9/10 | Batch 5000/5682 | Loss: 0.1869
Epoch 9/10 | Batch 5050/5682 | Loss: 0.0764
Epoch 9/10 | Batch 5100/5682 | Loss: 0.1015
Epoch 9/10 | Batch 5150/5682 | Loss: 0.2138
Epoch 9/10 | Batch 5200/5682 | Loss: 0.1086
Epoch 9/10 | Batch 5250/5682 | Loss: 0.0799
Epoch 9/10 | Batch 5300/5682 | Loss: 0.0776
Epoch 9/10 | Batch 5350/5682 | Loss: 0.1362
Epoch 9/10 | Batch 5400/5682 | Loss: 0.0514
Epoch 9/10 | Batch 5450/5682 | Loss: 0.0679
Epoch 9/10 | Batch 5500/5682 | Loss: 0.2135
Epoch 9/10 | Batch 5550/5682 | Loss: 0.0756
Epoch 9/10 | Batch 5600/5682 | Loss: 0.1246
Epoch 9/10 | Batch 5650/5682 | Loss: 0.0788
=== Epoch 9 Complete ===
Train Loss (huber): 0.0928
Val Loss (huber):   0.5437
Val MSE:   2.0226 | Val RMSE: 1.4222 | Val MAE: 0.8671
Saved checkpoint to checkpoint.pth

Epoch 10/10 | Batch 50/5682 | Loss: 0.0749
Epoch 10/10 | Batch 100/5682 | Loss: 0.1953
Epoch 10/10 | Batch 150/5682 | Loss: 0.0307
Epoch 10/10 | Batch 200/5682 | Loss: 0.1306
Epoch 10/10 | Batch 250/5682 | Loss: 0.0904
Epoch 10/10 | Batch 300/5682 | Loss: 0.0921
Epoch 10/10 | Batch 350/5682 | Loss: 0.1115
Epoch 10/10 | Batch 400/5682 | Loss: 0.0947
Epoch 10/10 | Batch 450/5682 | Loss: 0.0890
Epoch 10/10 | Batch 500/5682 | Loss: 0.1481
Epoch 10/10 | Batch 550/5682 | Loss: 0.1193
Epoch 10/10 | Batch 600/5682 | Loss: 0.0386
Epoch 10/10 | Batch 650/5682 | Loss: 0.0558
Epoch 10/10 | Batch 700/5682 | Loss: 0.1427
Epoch 10/10 | Batch 750/5682 | Loss: 0.1760
Epoch 10/10 | Batch 800/5682 | Loss: 0.0553
Epoch 10/10 | Batch 850/5682 | Loss: 0.0455
Epoch 10/10 | Batch 900/5682 | Loss: 0.0748
Epoch 10/10 | Batch 950/5682 | Loss: 0.1655
Epoch 10/10 | Batch 1000/5682 | Loss: 0.0414
Epoch 10/10 | Batch 1050/5682 | Loss: 0.0380
Epoch 10/10 | Batch 1100/5682 | Loss: 0.0503
Epoch 10/10 | Batch 1150/5682 | Loss: 0.0781
Epoch 10/10 | Batch 1200/5682 | Loss: 0.1402
Epoch 10/10 | Batch 1250/5682 | Loss: 0.0651
Epoch 10/10 | Batch 1300/5682 | Loss: 0.0924
Epoch 10/10 | Batch 1350/5682 | Loss: 0.0502
Epoch 10/10 | Batch 1400/5682 | Loss: 0.1008
Epoch 10/10 | Batch 1450/5682 | Loss: 0.0934
Epoch 10/10 | Batch 1500/5682 | Loss: 0.0583
Epoch 10/10 | Batch 1550/5682 | Loss: 0.0549
Epoch 10/10 | Batch 1600/5682 | Loss: 0.0550
Epoch 10/10 | Batch 1650/5682 | Loss: 0.0928
Epoch 10/10 | Batch 1700/5682 | Loss: 0.0541
Epoch 10/10 | Batch 1750/5682 | Loss: 0.0706
Epoch 10/10 | Batch 1800/5682 | Loss: 0.1512
Epoch 10/10 | Batch 1850/5682 | Loss: 0.0722
Epoch 10/10 | Batch 1900/5682 | Loss: 0.0761
Epoch 10/10 | Batch 1950/5682 | Loss: 0.1921
Epoch 10/10 | Batch 2000/5682 | Loss: 0.0849
Epoch 10/10 | Batch 2050/5682 | Loss: 0.0656
Epoch 10/10 | Batch 2100/5682 | Loss: 0.2014
Epoch 10/10 | Batch 2150/5682 | Loss: 0.0663
Epoch 10/10 | Batch 2200/5682 | Loss: 0.0443
Epoch 10/10 | Batch 2250/5682 | Loss: 0.0362
Epoch 10/10 | Batch 2300/5682 | Loss: 0.0556
Epoch 10/10 | Batch 2350/5682 | Loss: 0.0604
Epoch 10/10 | Batch 2400/5682 | Loss: 0.1628
Epoch 10/10 | Batch 2450/5682 | Loss: 0.0425
Epoch 10/10 | Batch 2500/5682 | Loss: 0.0548
Epoch 10/10 | Batch 2550/5682 | Loss: 0.1024
Epoch 10/10 | Batch 2600/5682 | Loss: 0.0930
Epoch 10/10 | Batch 2650/5682 | Loss: 0.0675
Epoch 10/10 | Batch 2700/5682 | Loss: 0.0502
Epoch 10/10 | Batch 2750/5682 | Loss: 0.2986
Epoch 10/10 | Batch 2800/5682 | Loss: 0.0860
Epoch 10/10 | Batch 2850/5682 | Loss: 0.0367
Epoch 10/10 | Batch 2900/5682 | Loss: 0.0536
Epoch 10/10 | Batch 2950/5682 | Loss: 0.1642
Epoch 10/10 | Batch 3000/5682 | Loss: 0.0727
Epoch 10/10 | Batch 3050/5682 | Loss: 0.0641
Epoch 10/10 | Batch 3100/5682 | Loss: 0.1168
Epoch 10/10 | Batch 3150/5682 | Loss: 0.0355
Epoch 10/10 | Batch 3200/5682 | Loss: 0.1004
Epoch 10/10 | Batch 3250/5682 | Loss: 0.0592
Epoch 10/10 | Batch 3300/5682 | Loss: 0.0466
Epoch 10/10 | Batch 3350/5682 | Loss: 0.1140
Epoch 10/10 | Batch 3400/5682 | Loss: 0.0522
Epoch 10/10 | Batch 3450/5682 | Loss: 0.0372
Epoch 10/10 | Batch 3500/5682 | Loss: 0.0550
Epoch 10/10 | Batch 3550/5682 | Loss: 0.0384
Epoch 10/10 | Batch 3600/5682 | Loss: 0.0716
Epoch 10/10 | Batch 3650/5682 | Loss: 0.1092
Epoch 10/10 | Batch 3700/5682 | Loss: 0.0747
Epoch 10/10 | Batch 3750/5682 | Loss: 0.0562
Epoch 10/10 | Batch 3800/5682 | Loss: 0.0702
Epoch 10/10 | Batch 3850/5682 | Loss: 0.0502
Epoch 10/10 | Batch 3900/5682 | Loss: 0.1243
Epoch 10/10 | Batch 3950/5682 | Loss: 0.1095
Epoch 10/10 | Batch 4000/5682 | Loss: 0.0574
Epoch 10/10 | Batch 4050/5682 | Loss: 0.0826
Epoch 10/10 | Batch 4100/5682 | Loss: 0.0680
Epoch 10/10 | Batch 4150/5682 | Loss: 0.0882
Epoch 10/10 | Batch 4200/5682 | Loss: 0.1108
Epoch 10/10 | Batch 4250/5682 | Loss: 0.0657
Epoch 10/10 | Batch 4300/5682 | Loss: 0.0585
Epoch 10/10 | Batch 4350/5682 | Loss: 0.0512
Epoch 10/10 | Batch 4400/5682 | Loss: 0.0526
Epoch 10/10 | Batch 4450/5682 | Loss: 0.0698
Epoch 10/10 | Batch 4500/5682 | Loss: 0.0561
Epoch 10/10 | Batch 4550/5682 | Loss: 0.0313
Epoch 10/10 | Batch 4600/5682 | Loss: 0.0387
Epoch 10/10 | Batch 4650/5682 | Loss: 0.1404
Epoch 10/10 | Batch 4700/5682 | Loss: 0.0645
Epoch 10/10 | Batch 4750/5682 | Loss: 0.0627
Epoch 10/10 | Batch 4800/5682 | Loss: 0.0237
Epoch 10/10 | Batch 4850/5682 | Loss: 0.0490
Epoch 10/10 | Batch 4900/5682 | Loss: 0.0516
Epoch 10/10 | Batch 4950/5682 | Loss: 0.0802
Epoch 10/10 | Batch 5000/5682 | Loss: 0.0307
Epoch 10/10 | Batch 5050/5682 | Loss: 0.1140
Epoch 10/10 | Batch 5100/5682 | Loss: 0.3021
Epoch 10/10 | Batch 5150/5682 | Loss: 0.1835
Epoch 10/10 | Batch 5200/5682 | Loss: 0.1198
Epoch 10/10 | Batch 5250/5682 | Loss: 0.1107
Epoch 10/10 | Batch 5300/5682 | Loss: 0.0753
Epoch 10/10 | Batch 5350/5682 | Loss: 0.0516
Epoch 10/10 | Batch 5400/5682 | Loss: 0.0629
Epoch 10/10 | Batch 5450/5682 | Loss: 0.1322
Epoch 10/10 | Batch 5500/5682 | Loss: 0.0568
Epoch 10/10 | Batch 5550/5682 | Loss: 0.1227
Epoch 10/10 | Batch 5600/5682 | Loss: 0.2853
Epoch 10/10 | Batch 5650/5682 | Loss: 0.1438
=== Epoch 10 Complete ===
Train Loss (huber): 0.0859
Val Loss (huber):   0.5486
Val MSE:   2.0352 | Val RMSE: 1.4266 | Val MAE: 0.8744
Saved checkpoint to checkpoint.pth

Training finished!
Saved final epoch model weights to best_model_final.pth
Removed temporary checkpoint file.
Running post-training evaluation...
Using device: cuda
Loading test dataset for evaluation...
Preloading and resizing 200 episodes in parallel from /blue/iruchkin/khek.do/sorted_ttc_padding_fix/test...
Preloading complete!
Loading model from best_model.pth...
Running evaluation on test cases...

================ EVALUATION RESULTS ================
Test MSE:   1.7711
Test RMSE:  1.3308 (seconds error)
Test MAE:   0.8130 (seconds error)
R² Score:   0.5299
====================================================

Saved comparison plot to: ttc_predictions_comparison.png
Job End
Fri Jul 17 04:59:19 PM EDT 2026
---
